<?xml version="1.0"?>
<link_info>
   <banner>TI ARM Linker Unix v16.9.0.LTS</banner>
   <copyright>Copyright (c) 1996-2015 Texas Instruments Incorporated</copyright>
   <link_time>0x587ccf6d</link_time>
   <link_errors>0x0</link_errors>
   <output_file>freertos_Blink.out</output_file>
   <entry_point>
      <name>_c_int00</name>
      <address>0x200098b9</address>
   </entry_point>
   <input_file_list>
      <input_file id="fl-2">
         <path>./</path>
         <kind>object</kind>
         <file>gpio_if.obj</file>
         <name>gpio_if.obj</name>
      </input_file>
      <input_file id="fl-3">
         <path>./</path>
         <kind>object</kind>
         <file>main.obj</file>
         <name>main.obj</name>
      </input_file>
      <input_file id="fl-4">
         <path>./</path>
         <kind>object</kind>
         <file>pinmux.obj</file>
         <name>pinmux.obj</name>
      </input_file>
      <input_file id="fl-5">
         <path>./</path>
         <kind>object</kind>
         <file>startup_ccs.obj</file>
         <name>startup_ccs.obj</name>
      </input_file>
      <input_file id="fl-6">
         <path>./</path>
         <kind>object</kind>
         <file>uart_if.obj</file>
         <name>uart_if.obj</name>
      </input_file>
      <input_file id="fl-c2">
         <path>/home/axel/ti/ccsv7/tools/compiler/ti-cgt-arm_16.9.0.LTS/lib/</path>
         <kind>archive</kind>
         <file>rtsv7M4_T_le_eabi.lib</file>
         <name>boot.obj</name>
      </input_file>
      <input_file id="fl-c3">
         <path>/home/axel/ti/ccsv7/tools/compiler/ti-cgt-arm_16.9.0.LTS/lib/</path>
         <kind>archive</kind>
         <file>rtsv7M4_T_le_eabi.lib</file>
         <name>copy_decompress_lzss.obj</name>
      </input_file>
      <input_file id="fl-c4">
         <path>/home/axel/ti/ccsv7/tools/compiler/ti-cgt-arm_16.9.0.LTS/lib/</path>
         <kind>archive</kind>
         <file>rtsv7M4_T_le_eabi.lib</file>
         <name>copy_decompress_none.obj</name>
      </input_file>
      <input_file id="fl-c5">
         <path>/home/axel/ti/ccsv7/tools/compiler/ti-cgt-arm_16.9.0.LTS/lib/</path>
         <kind>archive</kind>
         <file>rtsv7M4_T_le_eabi.lib</file>
         <name>copy_zero_init.obj</name>
      </input_file>
      <input_file id="fl-c6">
         <path>/home/axel/ti/ccsv7/tools/compiler/ti-cgt-arm_16.9.0.LTS/lib/</path>
         <kind>archive</kind>
         <file>rtsv7M4_T_le_eabi.lib</file>
         <name>exit.obj</name>
      </input_file>
      <input_file id="fl-c7">
         <path>/home/axel/ti/ccsv7/tools/compiler/ti-cgt-arm_16.9.0.LTS/lib/</path>
         <kind>archive</kind>
         <file>rtsv7M4_T_le_eabi.lib</file>
         <name>memcpy_t2.obj</name>
      </input_file>
      <input_file id="fl-c8">
         <path>/home/axel/ti/ccsv7/tools/compiler/ti-cgt-arm_16.9.0.LTS/lib/</path>
         <kind>archive</kind>
         <file>rtsv7M4_T_le_eabi.lib</file>
         <name>memmov.obj</name>
      </input_file>
      <input_file id="fl-c9">
         <path>/home/axel/ti/ccsv7/tools/compiler/ti-cgt-arm_16.9.0.LTS/lib/</path>
         <kind>archive</kind>
         <file>rtsv7M4_T_le_eabi.lib</file>
         <name>memory.obj</name>
      </input_file>
      <input_file id="fl-ca">
         <path>/home/axel/ti/ccsv7/tools/compiler/ti-cgt-arm_16.9.0.LTS/lib/</path>
         <kind>archive</kind>
         <file>rtsv7M4_T_le_eabi.lib</file>
         <name>memset_t2.obj</name>
      </input_file>
      <input_file id="fl-cb">
         <path>/home/axel/ti/ccsv7/tools/compiler/ti-cgt-arm_16.9.0.LTS/lib/</path>
         <kind>archive</kind>
         <file>rtsv7M4_T_le_eabi.lib</file>
         <name>mpu_init.obj</name>
      </input_file>
      <input_file id="fl-cc">
         <path>/home/axel/ti/ccsv7/tools/compiler/ti-cgt-arm_16.9.0.LTS/lib/</path>
         <kind>archive</kind>
         <file>rtsv7M4_T_le_eabi.lib</file>
         <name>pre_init.obj</name>
      </input_file>
      <input_file id="fl-cd">
         <path>/home/axel/ti/ccsv7/tools/compiler/ti-cgt-arm_16.9.0.LTS/lib/</path>
         <kind>archive</kind>
         <file>rtsv7M4_T_le_eabi.lib</file>
         <name>stkdepth_vars.obj</name>
      </input_file>
      <input_file id="fl-ce">
         <path>/home/axel/ti/ccsv7/tools/compiler/ti-cgt-arm_16.9.0.LTS/lib/</path>
         <kind>archive</kind>
         <file>rtsv7M4_T_le_eabi.lib</file>
         <name>strlen.obj</name>
      </input_file>
      <input_file id="fl-cf">
         <path>/home/axel/ti/ccsv7/tools/compiler/ti-cgt-arm_16.9.0.LTS/lib/</path>
         <kind>archive</kind>
         <file>rtsv7M4_T_le_eabi.lib</file>
         <name>vsnprintf.obj</name>
      </input_file>
      <input_file id="fl-d0">
         <path>/home/axel/ti/ccsv7/tools/compiler/ti-cgt-arm_16.9.0.LTS/lib/</path>
         <kind>archive</kind>
         <file>rtsv7M4_T_le_eabi.lib</file>
         <name>_lock.obj</name>
      </input_file>
      <input_file id="fl-d1">
         <path>/home/axel/ti/ccsv7/tools/compiler/ti-cgt-arm_16.9.0.LTS/lib/</path>
         <kind>archive</kind>
         <file>rtsv7M4_T_le_eabi.lib</file>
         <name>_printfi.obj</name>
      </input_file>
      <input_file id="fl-d2">
         <path>/home/axel/ti/ccsv7/tools/compiler/ti-cgt-arm_16.9.0.LTS/lib/</path>
         <kind>archive</kind>
         <file>rtsv7M4_T_le_eabi.lib</file>
         <name>args_main.obj</name>
      </input_file>
      <input_file id="fl-d3">
         <path>/home/axel/ti/ccsv7/tools/compiler/ti-cgt-arm_16.9.0.LTS/lib/</path>
         <kind>archive</kind>
         <file>rtsv7M4_T_le_eabi.lib</file>
         <name>atoi.obj</name>
      </input_file>
      <input_file id="fl-d4">
         <path>/home/axel/ti/ccsv7/tools/compiler/ti-cgt-arm_16.9.0.LTS/lib/</path>
         <kind>archive</kind>
         <file>rtsv7M4_T_le_eabi.lib</file>
         <name>autoinit.obj</name>
      </input_file>
      <input_file id="fl-d5">
         <path>/home/axel/ti/ccsv7/tools/compiler/ti-cgt-arm_16.9.0.LTS/lib/</path>
         <kind>archive</kind>
         <file>rtsv7M4_T_le_eabi.lib</file>
         <name>cpy_tbl.obj</name>
      </input_file>
      <input_file id="fl-d6">
         <path>/home/axel/ti/ccsv7/tools/compiler/ti-cgt-arm_16.9.0.LTS/lib/</path>
         <kind>archive</kind>
         <file>rtsv7M4_T_le_eabi.lib</file>
         <name>ctype.obj</name>
      </input_file>
      <input_file id="fl-d7">
         <path>/home/axel/ti/ccsv7/tools/compiler/ti-cgt-arm_16.9.0.LTS/lib/</path>
         <kind>archive</kind>
         <file>rtsv7M4_T_le_eabi.lib</file>
         <name>fd_add_t2.obj</name>
      </input_file>
      <input_file id="fl-d8">
         <path>/home/axel/ti/ccsv7/tools/compiler/ti-cgt-arm_16.9.0.LTS/lib/</path>
         <kind>archive</kind>
         <file>rtsv7M4_T_le_eabi.lib</file>
         <name>fd_cmp_t2.obj</name>
      </input_file>
      <input_file id="fl-d9">
         <path>/home/axel/ti/ccsv7/tools/compiler/ti-cgt-arm_16.9.0.LTS/lib/</path>
         <kind>archive</kind>
         <file>rtsv7M4_T_le_eabi.lib</file>
         <name>fd_div_t2.obj</name>
      </input_file>
      <input_file id="fl-da">
         <path>/home/axel/ti/ccsv7/tools/compiler/ti-cgt-arm_16.9.0.LTS/lib/</path>
         <kind>archive</kind>
         <file>rtsv7M4_T_le_eabi.lib</file>
         <name>fd_mul_t2.obj</name>
      </input_file>
      <input_file id="fl-db">
         <path>/home/axel/ti/ccsv7/tools/compiler/ti-cgt-arm_16.9.0.LTS/lib/</path>
         <kind>archive</kind>
         <file>rtsv7M4_T_le_eabi.lib</file>
         <name>fd_toi_t2.obj</name>
      </input_file>
      <input_file id="fl-dc">
         <path>/home/axel/ti/ccsv7/tools/compiler/ti-cgt-arm_16.9.0.LTS/lib/</path>
         <kind>archive</kind>
         <file>rtsv7M4_T_le_eabi.lib</file>
         <name>i_tofd_t2.obj</name>
      </input_file>
      <input_file id="fl-dd">
         <path>/home/axel/ti/ccsv7/tools/compiler/ti-cgt-arm_16.9.0.LTS/lib/</path>
         <kind>archive</kind>
         <file>rtsv7M4_T_le_eabi.lib</file>
         <name>ltoa.obj</name>
      </input_file>
      <input_file id="fl-de">
         <path>/home/axel/ti/ccsv7/tools/compiler/ti-cgt-arm_16.9.0.LTS/lib/</path>
         <kind>archive</kind>
         <file>rtsv7M4_T_le_eabi.lib</file>
         <name>memccpy.obj</name>
      </input_file>
      <input_file id="fl-df">
         <path>/home/axel/ti/ccsv7/tools/compiler/ti-cgt-arm_16.9.0.LTS/lib/</path>
         <kind>archive</kind>
         <file>rtsv7M4_T_le_eabi.lib</file>
         <name>s_frexp.obj</name>
      </input_file>
      <input_file id="fl-e0">
         <path>/home/axel/ti/ccsv7/tools/compiler/ti-cgt-arm_16.9.0.LTS/lib/</path>
         <kind>archive</kind>
         <file>rtsv7M4_T_le_eabi.lib</file>
         <name>s_scalbn.obj</name>
      </input_file>
      <input_file id="fl-e1">
         <path>/home/axel/ti/ccsv7/tools/compiler/ti-cgt-arm_16.9.0.LTS/lib/</path>
         <kind>archive</kind>
         <file>rtsv7M4_T_le_eabi.lib</file>
         <name>startup.obj</name>
      </input_file>
      <input_file id="fl-e2">
         <path>/home/axel/ti/ccsv7/tools/compiler/ti-cgt-arm_16.9.0.LTS/lib/</path>
         <kind>archive</kind>
         <file>rtsv7M4_T_le_eabi.lib</file>
         <name>strchr.obj</name>
      </input_file>
      <input_file id="fl-e3">
         <path>/home/axel/ti/ccsv7/tools/compiler/ti-cgt-arm_16.9.0.LTS/lib/</path>
         <kind>archive</kind>
         <file>rtsv7M4_T_le_eabi.lib</file>
         <name>ull_div_t2.obj</name>
      </input_file>
      <input_file id="fl-e4">
         <path>/home/axel/ti/ccsv7/tools/compiler/ti-cgt-arm_16.9.0.LTS/lib/</path>
         <kind>archive</kind>
         <file>rtsv7M4_T_le_eabi.lib</file>
         <name>errno.obj</name>
      </input_file>
      <input_file id="fl-e5">
         <path>/home/axel/ti/ccsv7/tools/compiler/ti-cgt-arm_16.9.0.LTS/lib/</path>
         <kind>archive</kind>
         <file>rtsv7M4_T_le_eabi.lib</file>
         <name>s_copysign.obj</name>
      </input_file>
      <input_file id="fl-e6">
         <path>/home/axel/ti/tirex-content/CC3200SDK_1.1.0/cc3200-sdk/oslib/ccs/free_rtos/</path>
         <kind>archive</kind>
         <file>free_rtos.a</file>
         <name>osi_freertos.obj</name>
      </input_file>
      <input_file id="fl-e7">
         <path>/home/axel/ti/tirex-content/CC3200SDK_1.1.0/cc3200-sdk/oslib/ccs/free_rtos/</path>
         <kind>archive</kind>
         <file>free_rtos.a</file>
         <name>port.obj</name>
      </input_file>
      <input_file id="fl-e8">
         <path>/home/axel/ti/tirex-content/CC3200SDK_1.1.0/cc3200-sdk/oslib/ccs/free_rtos/</path>
         <kind>archive</kind>
         <file>free_rtos.a</file>
         <name>portasm.obj</name>
      </input_file>
      <input_file id="fl-e9">
         <path>/home/axel/ti/tirex-content/CC3200SDK_1.1.0/cc3200-sdk/oslib/ccs/free_rtos/</path>
         <kind>archive</kind>
         <file>free_rtos.a</file>
         <name>queue.obj</name>
      </input_file>
      <input_file id="fl-ea">
         <path>/home/axel/ti/tirex-content/CC3200SDK_1.1.0/cc3200-sdk/oslib/ccs/free_rtos/</path>
         <kind>archive</kind>
         <file>free_rtos.a</file>
         <name>tasks.obj</name>
      </input_file>
      <input_file id="fl-eb">
         <path>/home/axel/ti/tirex-content/CC3200SDK_1.1.0/cc3200-sdk/oslib/ccs/free_rtos/</path>
         <kind>archive</kind>
         <file>free_rtos.a</file>
         <name>heap_3.obj</name>
      </input_file>
      <input_file id="fl-ec">
         <path>/home/axel/ti/tirex-content/CC3200SDK_1.1.0/cc3200-sdk/oslib/ccs/free_rtos/</path>
         <kind>archive</kind>
         <file>free_rtos.a</file>
         <name>list.obj</name>
      </input_file>
      <input_file id="fl-ed">
         <path>/home/axel/ti/tirex-content/CC3200SDK_1.1.0/cc3200-sdk/driverlib/ccs/Release/</path>
         <kind>archive</kind>
         <file>driverlib.a</file>
         <name>gpio.obj</name>
      </input_file>
      <input_file id="fl-ee">
         <path>/home/axel/ti/tirex-content/CC3200SDK_1.1.0/cc3200-sdk/driverlib/ccs/Release/</path>
         <kind>archive</kind>
         <file>driverlib.a</file>
         <name>interrupt.obj</name>
      </input_file>
      <input_file id="fl-ef">
         <path>/home/axel/ti/tirex-content/CC3200SDK_1.1.0/cc3200-sdk/driverlib/ccs/Release/</path>
         <kind>archive</kind>
         <file>driverlib.a</file>
         <name>pin.obj</name>
      </input_file>
      <input_file id="fl-f0">
         <path>/home/axel/ti/tirex-content/CC3200SDK_1.1.0/cc3200-sdk/driverlib/ccs/Release/</path>
         <kind>archive</kind>
         <file>driverlib.a</file>
         <name>prcm.obj</name>
      </input_file>
      <input_file id="fl-f1">
         <path>/home/axel/ti/tirex-content/CC3200SDK_1.1.0/cc3200-sdk/driverlib/ccs/Release/</path>
         <kind>archive</kind>
         <file>driverlib.a</file>
         <name>uart.obj</name>
      </input_file>
      <input_file id="fl-f2">
         <path>/home/axel/ti/tirex-content/CC3200SDK_1.1.0/cc3200-sdk/driverlib/ccs/Release/</path>
         <kind>archive</kind>
         <file>driverlib.a</file>
         <name>utils.obj</name>
      </input_file>
      <input_file id="fl-f3">
         <path>/home/axel/ti/tirex-content/CC3200SDK_1.1.0/cc3200-sdk/driverlib/ccs/Release/</path>
         <kind>archive</kind>
         <file>driverlib.a</file>
         <name>cpu.obj</name>
      </input_file>
      <input_file id="fl-f4">
         <path>/home/axel/ti/tirex-content/CC3200SDK_1.1.0/cc3200-sdk/driverlib/ccs/Release/</path>
         <kind>archive</kind>
         <file>driverlib.a</file>
         <name>flash.obj</name>
      </input_file>
      <input_file id="fl-f5">
         <path>/home/axel/ti/ccsv7/tools/compiler/ti-cgt-arm_16.9.0.LTS/lib/</path>
         <kind>archive</kind>
         <file>rtsv7M4_T_le_eabi.lib</file>
         <name>ll_lsr_t2.obj</name>
      </input_file>
   </input_file_list>
   <object_component_list>
      <object_component id="oc-f">
         <name>.intvecs</name>
         <load_address>0x20004000</load_address>
         <run_address>0x20004000</run_address>
         <size>0x400</size>
         <input_file_ref idref="fl-5"/>
      </object_component>
      <object_component id="oc-8b">
         <name>.text</name>
         <load_address>0x20004400</load_address>
         <run_address>0x20004400</run_address>
         <size>0x1258</size>
         <input_file_ref idref="fl-ea"/>
      </object_component>
      <object_component id="oc-2b9">
         <name>.text</name>
         <load_address>0x20005658</load_address>
         <run_address>0x20005658</run_address>
         <size>0x111e</size>
         <input_file_ref idref="fl-d1"/>
      </object_component>
      <object_component id="oc-29d">
         <name>.text:IntDefaultHandler</name>
         <load_address>0x20006776</load_address>
         <run_address>0x20006776</run_address>
         <size>0x2</size>
         <input_file_ref idref="fl-ee"/>
      </object_component>
      <object_component id="oc-1cc">
         <name>.text</name>
         <load_address>0x20006778</load_address>
         <run_address>0x20006778</run_address>
         <size>0xb24</size>
         <input_file_ref idref="fl-e9"/>
      </object_component>
      <object_component id="oc-12b">
         <name>.text</name>
         <load_address>0x2000729c</load_address>
         <run_address>0x2000729c</run_address>
         <size>0x45c</size>
         <input_file_ref idref="fl-e6"/>
      </object_component>
      <object_component id="oc-18f">
         <name>.text</name>
         <load_address>0x200076f8</load_address>
         <run_address>0x200076f8</run_address>
         <size>0x3d0</size>
         <input_file_ref idref="fl-c9"/>
      </object_component>
      <object_component id="oc-138">
         <name>.text</name>
         <load_address>0x20007ac8</load_address>
         <run_address>0x20007ac8</run_address>
         <size>0x390</size>
         <input_file_ref idref="fl-2"/>
      </object_component>
      <object_component id="oc-cc">
         <name>.text</name>
         <load_address>0x20007e58</load_address>
         <run_address>0x20007e58</run_address>
         <size>0x2d8</size>
         <input_file_ref idref="fl-3"/>
      </object_component>
      <object_component id="oc-131">
         <name>.text</name>
         <load_address>0x20008130</load_address>
         <run_address>0x20008130</run_address>
         <size>0x290</size>
         <input_file_ref idref="fl-6"/>
      </object_component>
      <object_component id="oc-30e">
         <name>.text</name>
         <load_address>0x200083c0</load_address>
         <run_address>0x200083c0</run_address>
         <size>0x1f4</size>
         <input_file_ref idref="fl-e3"/>
      </object_component>
      <object_component id="oc-337">
         <name>.text</name>
         <load_address>0x200085b4</load_address>
         <run_address>0x200085b4</run_address>
         <size>0x1b6</size>
         <input_file_ref idref="fl-d7"/>
      </object_component>
      <object_component id="oc-31d">
         <name>.text</name>
         <load_address>0x2000876a</load_address>
         <run_address>0x2000876a</run_address>
         <size>0x136</size>
         <input_file_ref idref="fl-d9"/>
      </object_component>
      <object_component id="oc-150">
         <name>.text:PRCMCC3200MCUInit</name>
         <load_address>0x200088a0</load_address>
         <run_address>0x200088a0</run_address>
         <size>0x134</size>
         <input_file_ref idref="fl-f0"/>
      </object_component>
      <object_component id="oc-eb">
         <name>.text</name>
         <load_address>0x200089d4</load_address>
         <run_address>0x200089d4</run_address>
         <size>0x12a</size>
         <input_file_ref idref="fl-ec"/>
      </object_component>
      <object_component id="oc-64">
         <name>.text</name>
         <load_address>0x20008afe</load_address>
         <run_address>0x20008afe</run_address>
         <size>0x2</size>
         <input_file_ref idref="fl-cb"/>
      </object_component>
      <object_component id="oc-38">
         <name>.text</name>
         <load_address>0x20008b00</load_address>
         <run_address>0x20008b00</run_address>
         <size>0x110</size>
         <input_file_ref idref="fl-e7"/>
      </object_component>
      <object_component id="oc-318">
         <name>.text</name>
         <load_address>0x20008c10</load_address>
         <run_address>0x20008c10</run_address>
         <size>0xfc</size>
         <input_file_ref idref="fl-da"/>
      </object_component>
      <object_component id="oc-342">
         <name>.text</name>
         <load_address>0x20008d0c</load_address>
         <run_address>0x20008d0c</run_address>
         <size>0xd0</size>
         <input_file_ref idref="fl-e0"/>
      </object_component>
      <object_component id="oc-33">
         <name>.text</name>
         <load_address>0x20008ddc</load_address>
         <run_address>0x20008ddc</run_address>
         <size>0xba</size>
         <input_file_ref idref="fl-e8"/>
      </object_component>
      <object_component id="oc-c4">
         <name>.text</name>
         <load_address>0x20008e96</load_address>
         <run_address>0x20008e96</run_address>
         <size>0x2</size>
         <input_file_ref idref="fl-e1"/>
      </object_component>
      <object_component id="oc-1c0">
         <name>.text:IntDisable</name>
         <load_address>0x20008e98</load_address>
         <run_address>0x20008e98</run_address>
         <size>0xa8</size>
         <input_file_ref idref="fl-ee"/>
      </object_component>
      <object_component id="oc-14a">
         <name>.text:IntEnable</name>
         <load_address>0x20008f40</load_address>
         <run_address>0x20008f40</run_address>
         <size>0xa8</size>
         <input_file_ref idref="fl-ee"/>
      </object_component>
      <object_component id="oc-4c">
         <name>.text</name>
         <load_address>0x20008fe8</load_address>
         <run_address>0x20008fe8</run_address>
         <size>0x9c</size>
         <input_file_ref idref="fl-c7"/>
      </object_component>
      <object_component id="oc-1d6">
         <name>.text:PRCMPeripheralClockGet</name>
         <load_address>0x20009084</load_address>
         <run_address>0x20009084</run_address>
         <size>0x94</size>
         <input_file_ref idref="fl-f0"/>
      </object_component>
      <object_component id="oc-2f3">
         <name>.text:PinConfigSet</name>
         <load_address>0x20009118</load_address>
         <run_address>0x20009118</run_address>
         <size>0x88</size>
         <input_file_ref idref="fl-ef"/>
      </object_component>
      <object_component id="oc-1e8">
         <name>.text</name>
         <load_address>0x200091a0</load_address>
         <run_address>0x200091a0</run_address>
         <size>0x88</size>
         <input_file_ref idref="fl-cf"/>
      </object_component>
      <object_component id="oc-313">
         <name>.text:__aeabi_cdcmple</name>
         <load_address>0x20009228</load_address>
         <run_address>0x20009228</run_address>
         <size>0x86</size>
         <input_file_ref idref="fl-d8"/>
      </object_component>
      <object_component id="oc-322">
         <name>.text:__aeabi_cdrcmple</name>
         <load_address>0x200092ae</load_address>
         <run_address>0x200092ae</run_address>
         <size>0x86</size>
         <input_file_ref idref="fl-d8"/>
      </object_component>
      <object_component id="oc-215">
         <name>.text:GPIOIntTypeSet</name>
         <load_address>0x20009334</load_address>
         <run_address>0x20009334</run_address>
         <size>0x82</size>
         <input_file_ref idref="fl-ed"/>
      </object_component>
      <object_component id="oc-58">
         <name>.text</name>
         <load_address>0x200093b6</load_address>
         <run_address>0x200093b6</run_address>
         <size>0x7a</size>
         <input_file_ref idref="fl-ca"/>
      </object_component>
      <object_component id="oc-1dc">
         <name>.text:UARTConfigSetExpClk</name>
         <load_address>0x20009430</load_address>
         <run_address>0x20009430</run_address>
         <size>0x76</size>
         <input_file_ref idref="fl-f1"/>
      </object_component>
      <object_component id="oc-70">
         <name>.text</name>
         <load_address>0x200094a8</load_address>
         <run_address>0x200094a8</run_address>
         <size>0x70</size>
         <input_file_ref idref="fl-d4"/>
      </object_component>
      <object_component id="oc-12">
         <name>.text:decompress:lzss</name>
         <load_address>0x20009518</load_address>
         <run_address>0x20009518</run_address>
         <size>0x68</size>
         <input_file_ref idref="fl-c3"/>
      </object_component>
      <object_component id="oc-156">
         <name>.text</name>
         <load_address>0x20009580</load_address>
         <run_address>0x20009580</run_address>
         <size>0x64</size>
         <input_file_ref idref="fl-4"/>
      </object_component>
      <object_component id="oc-33c">
         <name>.text</name>
         <load_address>0x200095e4</load_address>
         <run_address>0x200095e4</run_address>
         <size>0x5c</size>
         <input_file_ref idref="fl-df"/>
      </object_component>
      <object_component id="oc-262">
         <name>.text:PRCMPeripheralReset</name>
         <load_address>0x20009640</load_address>
         <run_address>0x20009640</run_address>
         <size>0x58</size>
         <input_file_ref idref="fl-f0"/>
      </object_component>
      <object_component id="oc-32c">
         <name>.text</name>
         <load_address>0x20009698</load_address>
         <run_address>0x20009698</run_address>
         <size>0x56</size>
         <input_file_ref idref="fl-dd"/>
      </object_component>
      <object_component id="oc-1ba">
         <name>.text:IntPrioritySet</name>
         <load_address>0x200096f0</load_address>
         <run_address>0x200096f0</run_address>
         <size>0x54</size>
         <input_file_ref idref="fl-ee"/>
      </object_component>
      <object_component id="oc-7c">
         <name>.text</name>
         <load_address>0x20009744</load_address>
         <run_address>0x20009744</run_address>
         <size>0x54</size>
         <input_file_ref idref="fl-c6"/>
      </object_component>
      <object_component id="oc-34e">
         <name>.text</name>
         <load_address>0x20009798</load_address>
         <run_address>0x20009798</run_address>
         <size>0x4c</size>
         <input_file_ref idref="fl-d3"/>
      </object_component>
      <object_component id="oc-be">
         <name>.text</name>
         <load_address>0x200097e4</load_address>
         <run_address>0x200097e4</run_address>
         <size>0x4c</size>
         <input_file_ref idref="fl-d5"/>
      </object_component>
      <object_component id="oc-327">
         <name>.text</name>
         <load_address>0x20009830</load_address>
         <run_address>0x20009830</run_address>
         <size>0x48</size>
         <input_file_ref idref="fl-db"/>
      </object_component>
      <object_component id="oc-2ed">
         <name>.text:PinModeSet</name>
         <load_address>0x20009878</load_address>
         <run_address>0x20009878</run_address>
         <size>0x40</size>
         <input_file_ref idref="fl-ef"/>
      </object_component>
      <object_component id="oc-24">
         <name>.text</name>
         <load_address>0x200098b8</load_address>
         <run_address>0x200098b8</run_address>
         <size>0x40</size>
         <input_file_ref idref="fl-c2"/>
      </object_component>
      <object_component id="oc-25c">
         <name>.text:PRCMPeripheralClkEnable</name>
         <load_address>0x200098f8</load_address>
         <run_address>0x200098f8</run_address>
         <size>0x3c</size>
         <input_file_ref idref="fl-f0"/>
      </object_component>
      <object_component id="oc-fb">
         <name>.text</name>
         <load_address>0x20009934</load_address>
         <run_address>0x20009934</run_address>
         <size>0x38</size>
         <input_file_ref idref="fl-eb"/>
      </object_component>
      <object_component id="oc-281">
         <name>.text:GPIODirModeSet</name>
         <load_address>0x2000996c</load_address>
         <run_address>0x2000996c</run_address>
         <size>0x36</size>
         <input_file_ref idref="fl-ed"/>
      </object_component>
      <object_component id="oc-27b">
         <name>.text:PinTypeGPIO</name>
         <load_address>0x200099a2</load_address>
         <run_address>0x200099a2</run_address>
         <size>0x30</size>
         <input_file_ref idref="fl-ef"/>
      </object_component>
      <object_component id="oc-2ab">
         <name>.text:UARTDisable</name>
         <load_address>0x200099d4</load_address>
         <run_address>0x200099d4</run_address>
         <size>0x30</size>
         <input_file_ref idref="fl-f1"/>
      </object_component>
      <object_component id="oc-332">
         <name>.text</name>
         <load_address>0x20009a04</load_address>
         <run_address>0x20009a04</run_address>
         <size>0x2e</size>
         <input_file_ref idref="fl-dc"/>
      </object_component>
      <object_component id="oc-26e">
         <name>.text:PRCMSysResetCauseGet</name>
         <load_address>0x20009a34</load_address>
         <run_address>0x20009a34</run_address>
         <size>0x2c</size>
         <input_file_ref idref="fl-f0"/>
      </object_component>
      <object_component id="oc-268">
         <name>.text:PRCMPeripheralClkDisable</name>
         <load_address>0x20009a60</load_address>
         <run_address>0x20009a60</run_address>
         <size>0x28</size>
         <input_file_ref idref="fl-f0"/>
      </object_component>
      <object_component id="oc-1c6">
         <name>.text:IntUnregister</name>
         <load_address>0x20009a88</load_address>
         <run_address>0x20009a88</run_address>
         <size>0x24</size>
         <input_file_ref idref="fl-ee"/>
      </object_component>
      <object_component id="oc-2b1">
         <name>.text:UARTEnable</name>
         <load_address>0x20009aac</load_address>
         <run_address>0x20009aac</run_address>
         <size>0x24</size>
         <input_file_ref idref="fl-f1"/>
      </object_component>
      <object_component id="oc-200">
         <name>.text</name>
         <load_address>0x20009ad0</load_address>
         <run_address>0x20009ad0</run_address>
         <size>0x24</size>
         <input_file_ref idref="fl-c8"/>
      </object_component>
      <object_component id="oc-227">
         <name>.text:GPIOPinWrite</name>
         <load_address>0x20009af4</load_address>
         <run_address>0x20009af4</run_address>
         <size>0x20</size>
         <input_file_ref idref="fl-ed"/>
      </object_component>
      <object_component id="oc-1b4">
         <name>.text:IntRegister</name>
         <load_address>0x20009b14</load_address>
         <run_address>0x20009b14</run_address>
         <size>0x20</size>
         <input_file_ref idref="fl-ee"/>
      </object_component>
      <object_component id="oc-1e2">
         <name>.text:UARTCharPut</name>
         <load_address>0x20009b34</load_address>
         <run_address>0x20009b34</run_address>
         <size>0x1e</size>
         <input_file_ref idref="fl-f1"/>
      </object_component>
      <object_component id="oc-1f4">
         <name>.text:UARTCharGetNonBlocking</name>
         <load_address>0x20009b52</load_address>
         <run_address>0x20009b52</run_address>
         <size>0x1c</size>
         <input_file_ref idref="fl-f1"/>
      </object_component>
      <object_component id="oc-354">
         <name>.text</name>
         <load_address>0x20009b6e</load_address>
         <run_address>0x20009b6e</run_address>
         <size>0x1c</size>
         <input_file_ref idref="fl-de"/>
      </object_component>
      <object_component id="oc-221">
         <name>.text:GPIOIntEnable</name>
         <load_address>0x20009b8a</load_address>
         <run_address>0x20009b8a</run_address>
         <size>0x1a</size>
         <input_file_ref idref="fl-ed"/>
      </object_component>
      <object_component id="oc-275">
         <name>.text:PinTypeUART</name>
         <load_address>0x20009ba4</load_address>
         <run_address>0x20009ba4</run_address>
         <size>0x1a</size>
         <input_file_ref idref="fl-ef"/>
      </object_component>
      <object_component id="oc-22d">
         <name>.text:GPIOPinRead</name>
         <load_address>0x20009bbe</load_address>
         <run_address>0x20009bbe</run_address>
         <size>0x18</size>
         <input_file_ref idref="fl-ed"/>
      </object_component>
      <object_component id="oc-1ee">
         <name>.text:UARTCharsAvail</name>
         <load_address>0x20009bd6</load_address>
         <run_address>0x20009bd6</run_address>
         <size>0x18</size>
         <input_file_ref idref="fl-f1"/>
      </object_component>
      <object_component id="oc-76">
         <name>.text</name>
         <load_address>0x20009bf0</load_address>
         <run_address>0x20009bf0</run_address>
         <size>0x18</size>
         <input_file_ref idref="fl-d2"/>
      </object_component>
      <object_component id="oc-250">
         <name>.text:PRCMHIBRegRead</name>
         <load_address>0x20009c08</load_address>
         <run_address>0x20009c08</run_address>
         <size>0x16</size>
         <input_file_ref idref="fl-f0"/>
      </object_component>
      <object_component id="oc-256">
         <name>.text:PRCMHIBRegWrite</name>
         <load_address>0x20009c1e</load_address>
         <run_address>0x20009c1e</run_address>
         <size>0x16</size>
         <input_file_ref idref="fl-f0"/>
      </object_component>
      <object_component id="oc-348">
         <name>.text</name>
         <load_address>0x20009c34</load_address>
         <run_address>0x20009c34</run_address>
         <size>0x16</size>
         <input_file_ref idref="fl-e2"/>
      </object_component>
      <object_component id="oc-240">
         <name>.text:CPUcpsie</name>
         <load_address>0x20009c4a</load_address>
         <run_address>0x20009c4a</run_address>
         <size>0x14</size>
         <input_file_ref idref="fl-f3"/>
      </object_component>
      <object_component id="oc-21b">
         <name>.text:GPIOIntClear</name>
         <load_address>0x20009c5e</load_address>
         <run_address>0x20009c5e</run_address>
         <size>0x14</size>
         <input_file_ref idref="fl-ed"/>
      </object_component>
      <object_component id="oc-13e">
         <name>.text:IntVTableBaseSet</name>
         <load_address>0x20009c74</load_address>
         <run_address>0x20009c74</run_address>
         <size>0x14</size>
         <input_file_ref idref="fl-ee"/>
      </object_component>
      <object_component id="oc-16e">
         <name>.text</name>
         <load_address>0x20009c88</load_address>
         <run_address>0x20009c88</run_address>
         <size>0x14</size>
         <input_file_ref idref="fl-d0"/>
      </object_component>
      <object_component id="oc-1fa">
         <name>.text</name>
         <load_address>0x20009c9c</load_address>
         <run_address>0x20009c9c</run_address>
         <size>0x14</size>
         <input_file_ref idref="fl-ce"/>
      </object_component>
      <object_component id="oc-18">
         <name>.text:decompress:none</name>
         <load_address>0x20009cb0</load_address>
         <run_address>0x20009cb0</run_address>
         <size>0xe</size>
         <input_file_ref idref="fl-c4"/>
      </object_component>
      <object_component id="oc-2d">
         <name>.text</name>
         <load_address>0x20009cbe</load_address>
         <run_address>0x20009cbe</run_address>
         <size>0xe</size>
         <input_file_ref idref="fl-5"/>
      </object_component>
      <object_component id="oc-1e">
         <name>.text:decompress:ZI</name>
         <load_address>0x20009ccc</load_address>
         <run_address>0x20009ccc</run_address>
         <size>0xc</size>
         <input_file_ref idref="fl-c5"/>
      </object_component>
      <object_component id="oc-144">
         <name>.text:IntMasterEnable</name>
         <load_address>0x20009cd8</load_address>
         <run_address>0x20009cd8</run_address>
         <size>0xa</size>
         <input_file_ref idref="fl-ee"/>
      </object_component>
      <object_component id="oc-38b">
         <name>.text</name>
         <load_address>0x20009ce2</load_address>
         <run_address>0x20009ce2</run_address>
         <size>0x8</size>
         <input_file_ref idref="fl-e5"/>
      </object_component>
      <object_component id="oc-137">
         <name>.text:UtilsDelay</name>
         <load_address>0x20009cea</load_address>
         <run_address>0x20009cea</run_address>
         <size>0x6</size>
         <input_file_ref idref="fl-f2"/>
      </object_component>
      <object_component id="oc-6a">
         <name>.text</name>
         <load_address>0x20009cf0</load_address>
         <run_address>0x20009cf0</run_address>
         <size>0x4</size>
         <input_file_ref idref="fl-cc"/>
      </object_component>
      <object_component id="oc-398">
         <name>.const:.string:_ctypes_</name>
         <load_address>0x20009cf4</load_address>
         <run_address>0x20009cf4</run_address>
         <size>0x101</size>
         <input_file_ref idref="fl-d6"/>
      </object_component>
      <object_component id="oc-375">
         <name>.const:g_ulPinToPadMap</name>
         <load_address>0x20009df8</load_address>
         <run_address>0x20009df8</run_address>
         <size>0x100</size>
         <input_file_ref idref="fl-ef"/>
      </object_component>
      <object_component id="oc-298">
         <name>.const:g_pulRegs</name>
         <load_address>0x20009ef8</load_address>
         <run_address>0x20009ef8</run_address>
         <size>0xd4</size>
         <input_file_ref idref="fl-ee"/>
      </object_component>
      <object_component id="oc-2e5">
         <name>.const:PRCM_PeriphRegsList</name>
         <load_address>0x20009fcc</load_address>
         <run_address>0x20009fcc</run_address>
         <size>0xa8</size>
         <input_file_ref idref="fl-f0"/>
      </object_component>
      <object_component id="oc-24c">
         <name>.const</name>
         <load_address>0x2000a074</load_address>
         <run_address>0x2000a074</run_address>
         <size>0x80</size>
         <input_file_ref idref="fl-ee"/>
      </object_component>
      <object_component id="oc-3e0">
         <name>.cinit..data.load</name>
         <load_address>0x2000a0f8</load_address>
         <run_address>0x2000a0f8</run_address>
         <size>0x39</size>
      </object_component>
      <object_component id="oc-3de">
         <name>__TI_handler_table</name>
         <load_address>0x2000a134</load_address>
         <run_address>0x2000a134</run_address>
         <size>0xc</size>
      </object_component>
      <object_component id="oc-3e1">
         <name>.cinit..bss.load</name>
         <load_address>0x2000a140</load_address>
         <run_address>0x2000a140</run_address>
         <size>0x8</size>
      </object_component>
      <object_component id="oc-3df">
         <name>__TI_cinit_table</name>
         <load_address>0x2000a148</load_address>
         <run_address>0x2000a148</run_address>
         <size>0x10</size>
      </object_component>
      <object_component id="oc-23b">
         <name>.data:ulReg</name>
         <load_address>0x2001b1c4</load_address>
         <run_address>0x2001b1c4</run_address>
         <size>0x14</size>
         <input_file_ref idref="fl-2"/>
      </object_component>
      <object_component id="oc-233">
         <name>.data</name>
         <load_address>0x2001b1fc</load_address>
         <run_address>0x2001b1fc</run_address>
         <size>0xc</size>
         <input_file_ref idref="fl-2"/>
      </object_component>
      <object_component id="oc-d4">
         <name>.data:$O1$$</name>
         <load_address>0x2001b1d8</load_address>
         <run_address>0x2001b1d8</run_address>
         <size>0xc</size>
         <input_file_ref idref="fl-c6"/>
      </object_component>
      <object_component id="oc-290">
         <name>.data:$O1$$</name>
         <load_address>0x2001b1e4</load_address>
         <run_address>0x2001b1e4</run_address>
         <size>0xc</size>
         <input_file_ref idref="fl-c9"/>
      </object_component>
      <object_component id="oc-82">
         <name>.data</name>
         <load_address>0x2001b218</load_address>
         <run_address>0x2001b218</run_address>
         <size>0x4</size>
         <input_file_ref idref="fl-cd"/>
      </object_component>
      <object_component id="oc-d7">
         <name>.data:$O1$$</name>
         <load_address>0x2001b208</load_address>
         <run_address>0x2001b208</run_address>
         <size>0x8</size>
         <input_file_ref idref="fl-d0"/>
      </object_component>
      <object_component id="oc-391">
         <name>.data</name>
         <load_address>0x2001b214</load_address>
         <run_address>0x2001b214</run_address>
         <size>0x4</size>
         <input_file_ref idref="fl-e4"/>
      </object_component>
      <object_component id="oc-1d2">
         <name>.data</name>
         <load_address>0x2001b1f0</load_address>
         <run_address>0x2001b1f0</run_address>
         <size>0xc</size>
         <input_file_ref idref="fl-e6"/>
      </object_component>
      <object_component id="oc-95">
         <name>.data</name>
         <load_address>0x2001b210</load_address>
         <run_address>0x2001b210</run_address>
         <size>0x4</size>
         <input_file_ref idref="fl-e7"/>
      </object_component>
      <object_component id="oc-91">
         <name>.data</name>
         <load_address>0x2001b190</load_address>
         <run_address>0x2001b190</run_address>
         <size>0x34</size>
         <input_file_ref idref="fl-ea"/>
      </object_component>
      <object_component id="oc-206">
         <name>.bss</name>
         <uninitialized>true</uninitialized>
         <run_address>0x2001b17c</run_address>
         <size>0x4</size>
         <input_file_ref idref="fl-6"/>
      </object_component>
      <object_component id="oc-2a4">
         <name>.bss:xQueueRegistry</name>
         <uninitialized>true</uninitialized>
         <run_address>0x2001b0c8</run_address>
         <size>0x50</size>
         <input_file_ref idref="fl-e9"/>
      </object_component>
      <object_component id="oc-f1">
         <name>.bss:pxReadyTasksLists</name>
         <uninitialized>true</uninitialized>
         <run_address>0x2001b000</run_address>
         <size>0xc8</size>
         <input_file_ref idref="fl-ea"/>
      </object_component>
      <object_component id="oc-236">
         <name>.common:g_ucLED1Pin</name>
         <uninitialized>true</uninitialized>
         <run_address>0x2001b18c</run_address>
         <size>0x1</size>
      </object_component>
      <object_component id="oc-239">
         <name>.common:g_ucLED2Pin</name>
         <uninitialized>true</uninitialized>
         <run_address>0x2001b18d</run_address>
         <size>0x1</size>
      </object_component>
      <object_component id="oc-23a">
         <name>.common:g_ucLED3Pin</name>
         <uninitialized>true</uninitialized>
         <run_address>0x2001b18e</run_address>
         <size>0x1</size>
      </object_component>
      <object_component id="oc-15c">
         <name>.common:MsgQ</name>
         <uninitialized>true</uninitialized>
         <run_address>0x2001b180</run_address>
         <size>0x4</size>
      </object_component>
      <object_component id="oc-101">
         <name>.common:xDelayedTaskList1</name>
         <uninitialized>true</uninitialized>
         <run_address>0x2001b118</run_address>
         <size>0x14</size>
      </object_component>
      <object_component id="oc-102">
         <name>.common:xDelayedTaskList2</name>
         <uninitialized>true</uninitialized>
         <run_address>0x2001b12c</run_address>
         <size>0x14</size>
      </object_component>
      <object_component id="oc-f7">
         <name>.common:pxDelayedTaskList</name>
         <uninitialized>true</uninitialized>
         <run_address>0x2001b184</run_address>
         <size>0x4</size>
      </object_component>
      <object_component id="oc-f8">
         <name>.common:pxOverflowDelayedTaskList</name>
         <uninitialized>true</uninitialized>
         <run_address>0x2001b188</run_address>
         <size>0x4</size>
      </object_component>
      <object_component id="oc-fa">
         <name>.common:xPendingReadyList</name>
         <uninitialized>true</uninitialized>
         <run_address>0x2001b140</run_address>
         <size>0x14</size>
      </object_component>
      <object_component id="oc-f4">
         <name>.common:xTasksWaitingTermination</name>
         <uninitialized>true</uninitialized>
         <run_address>0x2001b168</run_address>
         <size>0x14</size>
      </object_component>
      <object_component id="oc-f9">
         <name>.common:xSuspendedTaskList</name>
         <uninitialized>true</uninitialized>
         <run_address>0x2001b154</run_address>
         <size>0x14</size>
      </object_component>
      <object_component id="oc-2a">
         <name>.sysmem</name>
         <uninitialized>true</uninitialized>
         <run_address>0x20017000</run_address>
         <size>0x8</size>
         <input_file_ref idref="fl-c9"/>
      </object_component>
      <object_component id="oc-3e3">
         <name>.sysmem</name>
         <uninitialized>true</uninitialized>
         <run_address>0x20017000</run_address>
         <size>0x0</size>
      </object_component>
      <object_component id="oc-29">
         <name>.stack</name>
         <uninitialized>true</uninitialized>
         <run_address>0x2002ff00</run_address>
         <size>0x0</size>
         <input_file_ref idref="fl-c2"/>
      </object_component>
      <object_component id="oc-3e2">
         <name>.stack</name>
         <uninitialized>true</uninitialized>
         <run_address>0x2002ff00</run_address>
         <size>0x0</size>
      </object_component>
      <object_component id="oc-237">
         <name>.debug_info</name>
         <load_address>0x0</load_address>
         <run_address>0x0</run_address>
         <size>0x313</size>
         <input_file_ref idref="fl-2"/>
      </object_component>
      <object_component id="oc-23c">
         <name>.debug_info</name>
         <load_address>0x313</load_address>
         <run_address>0x313</run_address>
         <size>0x111</size>
         <input_file_ref idref="fl-2"/>
      </object_component>
      <object_component id="oc-234">
         <name>.debug_info</name>
         <load_address>0x424</load_address>
         <run_address>0x424</run_address>
         <size>0x172</size>
         <input_file_ref idref="fl-2"/>
      </object_component>
      <object_component id="oc-139">
         <name>.debug_info</name>
         <load_address>0x596</load_address>
         <run_address>0x596</run_address>
         <size>0x10bf</size>
         <input_file_ref idref="fl-2"/>
      </object_component>
      <object_component id="oc-160">
         <name>.debug_info</name>
         <load_address>0x1655</load_address>
         <run_address>0x1655</run_address>
         <size>0x13f</size>
         <input_file_ref idref="fl-2"/>
      </object_component>
      <object_component id="oc-370">
         <name>.debug_info</name>
         <load_address>0x1794</load_address>
         <run_address>0x1794</run_address>
         <size>0x62</size>
         <input_file_ref idref="fl-2"/>
      </object_component>
      <object_component id="oc-47">
         <name>.debug_info</name>
         <load_address>0x17f6</load_address>
         <run_address>0x17f6</run_address>
         <size>0x84</size>
         <input_file_ref idref="fl-2"/>
      </object_component>
      <object_component id="oc-247">
         <name>.debug_info</name>
         <load_address>0x187a</load_address>
         <run_address>0x187a</run_address>
         <size>0x2c</size>
         <input_file_ref idref="fl-2"/>
      </object_component>
      <object_component id="oc-20b">
         <name>.debug_info</name>
         <load_address>0x18a6</load_address>
         <run_address>0x18a6</run_address>
         <size>0x4e</size>
         <input_file_ref idref="fl-2"/>
      </object_component>
      <object_component id="oc-15d">
         <name>.debug_info</name>
         <load_address>0x18f4</load_address>
         <run_address>0x18f4</run_address>
         <size>0x4b6</size>
         <input_file_ref idref="fl-3"/>
      </object_component>
      <object_component id="oc-cd">
         <name>.debug_info</name>
         <load_address>0x1daa</load_address>
         <run_address>0x1daa</run_address>
         <size>0x9f1</size>
         <input_file_ref idref="fl-3"/>
      </object_component>
      <object_component id="oc-157">
         <name>.debug_info</name>
         <load_address>0x279b</load_address>
         <run_address>0x279b</run_address>
         <size>0x1df</size>
         <input_file_ref idref="fl-4"/>
      </object_component>
      <object_component id="oc-40">
         <name>.debug_info</name>
         <load_address>0x297a</load_address>
         <run_address>0x297a</run_address>
         <size>0x1b9</size>
         <input_file_ref idref="fl-5"/>
      </object_component>
      <object_component id="oc-10">
         <name>.debug_info</name>
         <load_address>0x2b33</load_address>
         <run_address>0x2b33</run_address>
         <size>0x124</size>
         <input_file_ref idref="fl-5"/>
      </object_component>
      <object_component id="oc-2e">
         <name>.debug_info</name>
         <load_address>0x2c57</load_address>
         <run_address>0x2c57</run_address>
         <size>0x521</size>
         <input_file_ref idref="fl-5"/>
      </object_component>
      <object_component id="oc-20a">
         <name>.debug_info</name>
         <load_address>0x3178</load_address>
         <run_address>0x3178</run_address>
         <size>0x3d2</size>
         <input_file_ref idref="fl-6"/>
      </object_component>
      <object_component id="oc-207">
         <name>.debug_info</name>
         <load_address>0x354a</load_address>
         <run_address>0x354a</run_address>
         <size>0x11b</size>
         <input_file_ref idref="fl-6"/>
      </object_component>
      <object_component id="oc-132">
         <name>.debug_info</name>
         <load_address>0x3665</load_address>
         <run_address>0x3665</run_address>
         <size>0xa4b</size>
         <input_file_ref idref="fl-6"/>
      </object_component>
      <object_component id="oc-210">
         <name>.debug_info</name>
         <load_address>0x40b0</load_address>
         <run_address>0x40b0</run_address>
         <size>0x110</size>
         <input_file_ref idref="fl-6"/>
      </object_component>
      <object_component id="oc-25">
         <name>.debug_info</name>
         <load_address>0x41c0</load_address>
         <run_address>0x41c0</run_address>
         <size>0x160</size>
         <input_file_ref idref="fl-c2"/>
      </object_component>
      <object_component id="oc-ab">
         <name>.debug_info</name>
         <load_address>0x4320</load_address>
         <run_address>0x4320</run_address>
         <size>0xf9</size>
         <input_file_ref idref="fl-c3"/>
      </object_component>
      <object_component id="oc-15">
         <name>.debug_info</name>
         <load_address>0x4419</load_address>
         <run_address>0x4419</run_address>
         <size>0x245</size>
         <input_file_ref idref="fl-c3"/>
      </object_component>
      <object_component id="oc-42">
         <name>.debug_info</name>
         <load_address>0x465e</load_address>
         <run_address>0x465e</run_address>
         <size>0x60</size>
         <input_file_ref idref="fl-c3"/>
      </object_component>
      <object_component id="oc-a6">
         <name>.debug_info</name>
         <load_address>0x46be</load_address>
         <run_address>0x46be</run_address>
         <size>0x46</size>
         <input_file_ref idref="fl-c3"/>
      </object_component>
      <object_component id="oc-57">
         <name>.debug_info</name>
         <load_address>0x4704</load_address>
         <run_address>0x4704</run_address>
         <size>0x140</size>
         <input_file_ref idref="fl-c4"/>
      </object_component>
      <object_component id="oc-19">
         <name>.debug_info</name>
         <load_address>0x4844</load_address>
         <run_address>0x4844</run_address>
         <size>0x1df</size>
         <input_file_ref idref="fl-c4"/>
      </object_component>
      <object_component id="oc-52">
         <name>.debug_info</name>
         <load_address>0x4a23</load_address>
         <run_address>0x4a23</run_address>
         <size>0x46</size>
         <input_file_ref idref="fl-c4"/>
      </object_component>
      <object_component id="oc-ad">
         <name>.debug_info</name>
         <load_address>0x4a69</load_address>
         <run_address>0x4a69</run_address>
         <size>0x2c</size>
         <input_file_ref idref="fl-c4"/>
      </object_component>
      <object_component id="oc-63">
         <name>.debug_info</name>
         <load_address>0x4a95</load_address>
         <run_address>0x4a95</run_address>
         <size>0x12f</size>
         <input_file_ref idref="fl-c5"/>
      </object_component>
      <object_component id="oc-1f">
         <name>.debug_info</name>
         <load_address>0x4bc4</load_address>
         <run_address>0x4bc4</run_address>
         <size>0x1aa</size>
         <input_file_ref idref="fl-c5"/>
      </object_component>
      <object_component id="oc-5e">
         <name>.debug_info</name>
         <load_address>0x4d6e</load_address>
         <run_address>0x4d6e</run_address>
         <size>0x46</size>
         <input_file_ref idref="fl-c5"/>
      </object_component>
      <object_component id="oc-b5">
         <name>.debug_info</name>
         <load_address>0x4db4</load_address>
         <run_address>0x4db4</run_address>
         <size>0x2c</size>
         <input_file_ref idref="fl-c5"/>
      </object_component>
      <object_component id="oc-db">
         <name>.debug_info</name>
         <load_address>0x4de0</load_address>
         <run_address>0x4de0</run_address>
         <size>0x234</size>
         <input_file_ref idref="fl-c6"/>
      </object_component>
      <object_component id="oc-d5">
         <name>.debug_info</name>
         <load_address>0x5014</load_address>
         <run_address>0x5014</run_address>
         <size>0x185</size>
         <input_file_ref idref="fl-c6"/>
      </object_component>
      <object_component id="oc-7d">
         <name>.debug_info</name>
         <load_address>0x5199</load_address>
         <run_address>0x5199</run_address>
         <size>0x214</size>
         <input_file_ref idref="fl-c6"/>
      </object_component>
      <object_component id="oc-4d">
         <name>.debug_info</name>
         <load_address>0x53ad</load_address>
         <run_address>0x53ad</run_address>
         <size>0x111</size>
         <input_file_ref idref="fl-c7"/>
      </object_component>
      <object_component id="oc-2d0">
         <name>.debug_info</name>
         <load_address>0x54be</load_address>
         <run_address>0x54be</run_address>
         <size>0x12c</size>
         <input_file_ref idref="fl-c8"/>
      </object_component>
      <object_component id="oc-201">
         <name>.debug_info</name>
         <load_address>0x55ea</load_address>
         <run_address>0x55ea</run_address>
         <size>0x1ab</size>
         <input_file_ref idref="fl-c8"/>
      </object_component>
      <object_component id="oc-88">
         <name>.debug_info</name>
         <load_address>0x5795</load_address>
         <run_address>0x5795</run_address>
         <size>0x222</size>
         <input_file_ref idref="fl-c9"/>
      </object_component>
      <object_component id="oc-2b">
         <name>.debug_info</name>
         <load_address>0x59b7</load_address>
         <run_address>0x59b7</run_address>
         <size>0x101</size>
         <input_file_ref idref="fl-c9"/>
      </object_component>
      <object_component id="oc-291">
         <name>.debug_info</name>
         <load_address>0x5ab8</load_address>
         <run_address>0x5ab8</run_address>
         <size>0x14c</size>
         <input_file_ref idref="fl-c9"/>
      </object_component>
      <object_component id="oc-190">
         <name>.debug_info</name>
         <load_address>0x5c04</load_address>
         <run_address>0x5c04</run_address>
         <size>0x885</size>
         <input_file_ref idref="fl-c9"/>
      </object_component>
      <object_component id="oc-e1">
         <name>.debug_info</name>
         <load_address>0x6489</load_address>
         <run_address>0x6489</run_address>
         <size>0x2c</size>
         <input_file_ref idref="fl-c9"/>
      </object_component>
      <object_component id="oc-e6">
         <name>.debug_info</name>
         <load_address>0x64b5</load_address>
         <run_address>0x64b5</run_address>
         <size>0x62</size>
         <input_file_ref idref="fl-c9"/>
      </object_component>
      <object_component id="oc-59">
         <name>.debug_info</name>
         <load_address>0x6517</load_address>
         <run_address>0x6517</run_address>
         <size>0x13f</size>
         <input_file_ref idref="fl-ca"/>
      </object_component>
      <object_component id="oc-65">
         <name>.debug_info</name>
         <load_address>0x6656</load_address>
         <run_address>0x6656</run_address>
         <size>0x138</size>
         <input_file_ref idref="fl-cb"/>
      </object_component>
      <object_component id="oc-6b">
         <name>.debug_info</name>
         <load_address>0x678e</load_address>
         <run_address>0x678e</run_address>
         <size>0x148</size>
         <input_file_ref idref="fl-cc"/>
      </object_component>
      <object_component id="oc-83">
         <name>.debug_info</name>
         <load_address>0x68d6</load_address>
         <run_address>0x68d6</run_address>
         <size>0x109</size>
         <input_file_ref idref="fl-cd"/>
      </object_component>
      <object_component id="oc-2ce">
         <name>.debug_info</name>
         <load_address>0x69df</load_address>
         <run_address>0x69df</run_address>
         <size>0xea</size>
         <input_file_ref idref="fl-ce"/>
      </object_component>
      <object_component id="oc-1fb">
         <name>.debug_info</name>
         <load_address>0x6ac9</load_address>
         <run_address>0x6ac9</run_address>
         <size>0x22a</size>
         <input_file_ref idref="fl-ce"/>
      </object_component>
      <object_component id="oc-2c0">
         <name>.debug_info</name>
         <load_address>0x6cf3</load_address>
         <run_address>0x6cf3</run_address>
         <size>0x1c8</size>
         <input_file_ref idref="fl-cf"/>
      </object_component>
      <object_component id="oc-1e9">
         <name>.debug_info</name>
         <load_address>0x6ebb</load_address>
         <run_address>0x6ebb</run_address>
         <size>0x35c</size>
         <input_file_ref idref="fl-cf"/>
      </object_component>
      <object_component id="oc-2c1">
         <name>.debug_info</name>
         <load_address>0x7217</load_address>
         <run_address>0x7217</run_address>
         <size>0x2c</size>
         <input_file_ref idref="fl-cf"/>
      </object_component>
      <object_component id="oc-2c6">
         <name>.debug_info</name>
         <load_address>0x7243</load_address>
         <run_address>0x7243</run_address>
         <size>0x69</size>
         <input_file_ref idref="fl-cf"/>
      </object_component>
      <object_component id="oc-176">
         <name>.debug_info</name>
         <load_address>0x72ac</load_address>
         <run_address>0x72ac</run_address>
         <size>0x124</size>
         <input_file_ref idref="fl-d0"/>
      </object_component>
      <object_component id="oc-d8">
         <name>.debug_info</name>
         <load_address>0x73d0</load_address>
         <run_address>0x73d0</run_address>
         <size>0x113</size>
         <input_file_ref idref="fl-d0"/>
      </object_component>
      <object_component id="oc-16f">
         <name>.debug_info</name>
         <load_address>0x74e3</load_address>
         <run_address>0x74e3</run_address>
         <size>0x21f</size>
         <input_file_ref idref="fl-d0"/>
      </object_component>
      <object_component id="oc-35b">
         <name>.debug_info</name>
         <load_address>0x7702</load_address>
         <run_address>0x7702</run_address>
         <size>0x385</size>
         <input_file_ref idref="fl-d1"/>
      </object_component>
      <object_component id="oc-2ba">
         <name>.debug_info</name>
         <load_address>0x7a87</load_address>
         <run_address>0x7a87</run_address>
         <size>0x1554</size>
         <input_file_ref idref="fl-d1"/>
      </object_component>
      <object_component id="oc-35c">
         <name>.debug_info</name>
         <load_address>0x8fdb</load_address>
         <run_address>0x8fdb</run_address>
         <size>0x86</size>
         <input_file_ref idref="fl-d1"/>
      </object_component>
      <object_component id="oc-3a1">
         <name>.debug_info</name>
         <load_address>0x9061</load_address>
         <run_address>0x9061</run_address>
         <size>0x46</size>
         <input_file_ref idref="fl-d1"/>
      </object_component>
      <object_component id="oc-361">
         <name>.debug_info</name>
         <load_address>0x90a7</load_address>
         <run_address>0x90a7</run_address>
         <size>0x39</size>
         <input_file_ref idref="fl-d1"/>
      </object_component>
      <object_component id="oc-d3">
         <name>.debug_info</name>
         <load_address>0x90e0</load_address>
         <run_address>0x90e0</run_address>
         <size>0x166</size>
         <input_file_ref idref="fl-d2"/>
      </object_component>
      <object_component id="oc-77">
         <name>.debug_info</name>
         <load_address>0x9246</load_address>
         <run_address>0x9246</run_address>
         <size>0x167</size>
         <input_file_ref idref="fl-d2"/>
      </object_component>
      <object_component id="oc-167">
         <name>.debug_info</name>
         <load_address>0x93ad</load_address>
         <run_address>0x93ad</run_address>
         <size>0x5e</size>
         <input_file_ref idref="fl-d2"/>
      </object_component>
      <object_component id="oc-39c">
         <name>.debug_info</name>
         <load_address>0x940b</load_address>
         <run_address>0x940b</run_address>
         <size>0x114</size>
         <input_file_ref idref="fl-d3"/>
      </object_component>
      <object_component id="oc-34f">
         <name>.debug_info</name>
         <load_address>0x951f</load_address>
         <run_address>0x951f</run_address>
         <size>0x171</size>
         <input_file_ref idref="fl-d3"/>
      </object_component>
      <object_component id="oc-cb">
         <name>.debug_info</name>
         <load_address>0x9690</load_address>
         <run_address>0x9690</run_address>
         <size>0x2e9</size>
         <input_file_ref idref="fl-d4"/>
      </object_component>
      <object_component id="oc-71">
         <name>.debug_info</name>
         <load_address>0x9979</load_address>
         <run_address>0x9979</run_address>
         <size>0x190</size>
         <input_file_ref idref="fl-d4"/>
      </object_component>
      <object_component id="oc-121">
         <name>.debug_info</name>
         <load_address>0x9b09</load_address>
         <run_address>0x9b09</run_address>
         <size>0x39</size>
         <input_file_ref idref="fl-d4"/>
      </object_component>
      <object_component id="oc-1af">
         <name>.debug_info</name>
         <load_address>0x9b42</load_address>
         <run_address>0x9b42</run_address>
         <size>0x39</size>
         <input_file_ref idref="fl-d4"/>
      </object_component>
      <object_component id="oc-126">
         <name>.debug_info</name>
         <load_address>0x9b7b</load_address>
         <run_address>0x9b7b</run_address>
         <size>0xcd</size>
         <input_file_ref idref="fl-d4"/>
      </object_component>
      <object_component id="oc-11d">
         <name>.debug_info</name>
         <load_address>0x9c48</load_address>
         <run_address>0x9c48</run_address>
         <size>0x1e0</size>
         <input_file_ref idref="fl-d5"/>
      </object_component>
      <object_component id="oc-bf">
         <name>.debug_info</name>
         <load_address>0x9e28</load_address>
         <run_address>0x9e28</run_address>
         <size>0x183</size>
         <input_file_ref idref="fl-d5"/>
      </object_component>
      <object_component id="oc-1aa">
         <name>.debug_info</name>
         <load_address>0x9fab</load_address>
         <run_address>0x9fab</run_address>
         <size>0x2c</size>
         <input_file_ref idref="fl-d5"/>
      </object_component>
      <object_component id="oc-3b6">
         <name>.debug_info</name>
         <load_address>0x9fd7</load_address>
         <run_address>0x9fd7</run_address>
         <size>0xee</size>
         <input_file_ref idref="fl-d6"/>
      </object_component>
      <object_component id="oc-399">
         <name>.debug_info</name>
         <load_address>0xa0c5</load_address>
         <run_address>0xa0c5</run_address>
         <size>0xfa</size>
         <input_file_ref idref="fl-d6"/>
      </object_component>
      <object_component id="oc-338">
         <name>.debug_info</name>
         <load_address>0xa1bf</load_address>
         <run_address>0xa1bf</run_address>
         <size>0x144</size>
         <input_file_ref idref="fl-d7"/>
      </object_component>
      <object_component id="oc-314">
         <name>.debug_info</name>
         <load_address>0xa303</load_address>
         <run_address>0xa303</run_address>
         <size>0x120</size>
         <input_file_ref idref="fl-d8"/>
      </object_component>
      <object_component id="oc-323">
         <name>.debug_info</name>
         <load_address>0xa423</load_address>
         <run_address>0xa423</run_address>
         <size>0x122</size>
         <input_file_ref idref="fl-d8"/>
      </object_component>
      <object_component id="oc-31e">
         <name>.debug_info</name>
         <load_address>0xa545</load_address>
         <run_address>0xa545</run_address>
         <size>0x132</size>
         <input_file_ref idref="fl-d9"/>
      </object_component>
      <object_component id="oc-319">
         <name>.debug_info</name>
         <load_address>0xa677</load_address>
         <run_address>0xa677</run_address>
         <size>0x132</size>
         <input_file_ref idref="fl-da"/>
      </object_component>
      <object_component id="oc-328">
         <name>.debug_info</name>
         <load_address>0xa7a9</load_address>
         <run_address>0xa7a9</run_address>
         <size>0x126</size>
         <input_file_ref idref="fl-db"/>
      </object_component>
      <object_component id="oc-333">
         <name>.debug_info</name>
         <load_address>0xa8cf</load_address>
         <run_address>0xa8cf</run_address>
         <size>0x124</size>
         <input_file_ref idref="fl-dc"/>
      </object_component>
      <object_component id="oc-381">
         <name>.debug_info</name>
         <load_address>0xa9f3</load_address>
         <run_address>0xa9f3</run_address>
         <size>0x14c</size>
         <input_file_ref idref="fl-dd"/>
      </object_component>
      <object_component id="oc-32d">
         <name>.debug_info</name>
         <load_address>0xab3f</load_address>
         <run_address>0xab3f</run_address>
         <size>0x1c2</size>
         <input_file_ref idref="fl-dd"/>
      </object_component>
      <object_component id="oc-39e">
         <name>.debug_info</name>
         <load_address>0xad01</load_address>
         <run_address>0xad01</run_address>
         <size>0xf1</size>
         <input_file_ref idref="fl-de"/>
      </object_component>
      <object_component id="oc-355">
         <name>.debug_info</name>
         <load_address>0xadf2</load_address>
         <run_address>0xadf2</run_address>
         <size>0x1ab</size>
         <input_file_ref idref="fl-de"/>
      </object_component>
      <object_component id="oc-385">
         <name>.debug_info</name>
         <load_address>0xaf9d</load_address>
         <run_address>0xaf9d</run_address>
         <size>0x13f</size>
         <input_file_ref idref="fl-df"/>
      </object_component>
      <object_component id="oc-33d">
         <name>.debug_info</name>
         <load_address>0xb0dc</load_address>
         <run_address>0xb0dc</run_address>
         <size>0x189</size>
         <input_file_ref idref="fl-df"/>
      </object_component>
      <object_component id="oc-386">
         <name>.debug_info</name>
         <load_address>0xb265</load_address>
         <run_address>0xb265</run_address>
         <size>0x2c</size>
         <input_file_ref idref="fl-df"/>
      </object_component>
      <object_component id="oc-395">
         <name>.debug_info</name>
         <load_address>0xb291</load_address>
         <run_address>0xb291</run_address>
         <size>0x17c</size>
         <input_file_ref idref="fl-e0"/>
      </object_component>
      <object_component id="oc-343">
         <name>.debug_info</name>
         <load_address>0xb40d</load_address>
         <run_address>0xb40d</run_address>
         <size>0x1e6</size>
         <input_file_ref idref="fl-e0"/>
      </object_component>
      <object_component id="oc-c5">
         <name>.debug_info</name>
         <load_address>0xb5f3</load_address>
         <run_address>0xb5f3</run_address>
         <size>0x145</size>
         <input_file_ref idref="fl-e1"/>
      </object_component>
      <object_component id="oc-397">
         <name>.debug_info</name>
         <load_address>0xb738</load_address>
         <run_address>0xb738</run_address>
         <size>0xf5</size>
         <input_file_ref idref="fl-e2"/>
      </object_component>
      <object_component id="oc-349">
         <name>.debug_info</name>
         <load_address>0xb82d</load_address>
         <run_address>0xb82d</run_address>
         <size>0x244</size>
         <input_file_ref idref="fl-e2"/>
      </object_component>
      <object_component id="oc-30f">
         <name>.debug_info</name>
         <load_address>0xba71</load_address>
         <run_address>0xba71</run_address>
         <size>0x17d</size>
         <input_file_ref idref="fl-e3"/>
      </object_component>
      <object_component id="oc-392">
         <name>.debug_info</name>
         <load_address>0xbbee</load_address>
         <run_address>0xbbee</run_address>
         <size>0xf3</size>
         <input_file_ref idref="fl-e4"/>
      </object_component>
      <object_component id="oc-38c">
         <name>.debug_info</name>
         <load_address>0xbce1</load_address>
         <run_address>0xbce1</run_address>
         <size>0x154</size>
         <input_file_ref idref="fl-e5"/>
      </object_component>
      <object_component id="oc-119">
         <name>.debug_info</name>
         <load_address>0xbe35</load_address>
         <run_address>0xbe35</run_address>
         <size>0x6b7</size>
         <input_file_ref idref="fl-e6"/>
      </object_component>
      <object_component id="oc-1d3">
         <name>.debug_info</name>
         <load_address>0xc4ec</load_address>
         <run_address>0xc4ec</run_address>
         <size>0x1a8</size>
         <input_file_ref idref="fl-e6"/>
      </object_component>
      <object_component id="oc-12c">
         <name>.debug_info</name>
         <load_address>0xc694</load_address>
         <run_address>0xc694</run_address>
         <size>0x2792</size>
         <input_file_ref idref="fl-e6"/>
      </object_component>
      <object_component id="oc-104">
         <name>.debug_info</name>
         <load_address>0xee26</load_address>
         <run_address>0xee26</run_address>
         <size>0x2ab</size>
         <input_file_ref idref="fl-e6"/>
      </object_component>
      <object_component id="oc-19e">
         <name>.debug_info</name>
         <load_address>0xf0d1</load_address>
         <run_address>0xf0d1</run_address>
         <size>0xc8</size>
         <input_file_ref idref="fl-e6"/>
      </object_component>
      <object_component id="oc-1a3">
         <name>.debug_info</name>
         <load_address>0xf199</load_address>
         <run_address>0xf199</run_address>
         <size>0x46</size>
         <input_file_ref idref="fl-e6"/>
      </object_component>
      <object_component id="oc-199">
         <name>.debug_info</name>
         <load_address>0xf1df</load_address>
         <run_address>0xf1df</run_address>
         <size>0x2c</size>
         <input_file_ref idref="fl-e6"/>
      </object_component>
      <object_component id="oc-9a">
         <name>.debug_info</name>
         <load_address>0xf20b</load_address>
         <run_address>0xf20b</run_address>
         <size>0x2c</size>
         <input_file_ref idref="fl-e6"/>
      </object_component>
      <object_component id="oc-109">
         <name>.debug_info</name>
         <load_address>0xf237</load_address>
         <run_address>0xf237</run_address>
         <size>0x18b</size>
         <input_file_ref idref="fl-e6"/>
      </object_component>
      <object_component id="oc-9f">
         <name>.debug_info</name>
         <load_address>0xf3c2</load_address>
         <run_address>0xf3c2</run_address>
         <size>0x53</size>
         <input_file_ref idref="fl-e6"/>
      </object_component>
      <object_component id="oc-114">
         <name>.debug_info</name>
         <load_address>0xf415</load_address>
         <run_address>0xf415</run_address>
         <size>0x14c</size>
         <input_file_ref idref="fl-e6"/>
      </object_component>
      <object_component id="oc-99">
         <name>.debug_info</name>
         <load_address>0xf561</load_address>
         <run_address>0xf561</run_address>
         <size>0x252</size>
         <input_file_ref idref="fl-e7"/>
      </object_component>
      <object_component id="oc-96">
         <name>.debug_info</name>
         <load_address>0xf7b3</load_address>
         <run_address>0xf7b3</run_address>
         <size>0x140</size>
         <input_file_ref idref="fl-e7"/>
      </object_component>
      <object_component id="oc-39">
         <name>.debug_info</name>
         <load_address>0xf8f3</load_address>
         <run_address>0xf8f3</run_address>
         <size>0xc2a</size>
         <input_file_ref idref="fl-e7"/>
      </object_component>
      <object_component id="oc-35">
         <name>.debug_info</name>
         <load_address>0x1051d</load_address>
         <run_address>0x1051d</run_address>
         <size>0x1e3</size>
         <input_file_ref idref="fl-e8"/>
      </object_component>
      <object_component id="oc-28f">
         <name>.debug_info</name>
         <load_address>0x10700</load_address>
         <run_address>0x10700</run_address>
         <size>0x606</size>
         <input_file_ref idref="fl-e9"/>
      </object_component>
      <object_component id="oc-2a5">
         <name>.debug_info</name>
         <load_address>0x10d06</load_address>
         <run_address>0x10d06</run_address>
         <size>0x127</size>
         <input_file_ref idref="fl-e9"/>
      </object_component>
      <object_component id="oc-1cd">
         <name>.debug_info</name>
         <load_address>0x10e2d</load_address>
         <run_address>0x10e2d</run_address>
         <size>0x41a3</size>
         <input_file_ref idref="fl-e9"/>
      </object_component>
      <object_component id="oc-18a">
         <name>.debug_info</name>
         <load_address>0x14fd0</load_address>
         <run_address>0x14fd0</run_address>
         <size>0x110</size>
         <input_file_ref idref="fl-e9"/>
      </object_component>
      <object_component id="oc-2fe">
         <name>.debug_info</name>
         <load_address>0x150e0</load_address>
         <run_address>0x150e0</run_address>
         <size>0x1ef</size>
         <input_file_ref idref="fl-e9"/>
      </object_component>
      <object_component id="oc-f5">
         <name>.debug_info</name>
         <load_address>0x152cf</load_address>
         <run_address>0x152cf</run_address>
         <size>0x7d5</size>
         <input_file_ref idref="fl-ea"/>
      </object_component>
      <object_component id="oc-92">
         <name>.debug_info</name>
         <load_address>0x15aa4</load_address>
         <run_address>0x15aa4</run_address>
         <size>0x35d</size>
         <input_file_ref idref="fl-ea"/>
      </object_component>
      <object_component id="oc-f2">
         <name>.debug_info</name>
         <load_address>0x15e01</load_address>
         <run_address>0x15e01</run_address>
         <size>0x12c</size>
         <input_file_ref idref="fl-ea"/>
      </object_component>
      <object_component id="oc-8c">
         <name>.debug_info</name>
         <load_address>0x15f2d</load_address>
         <run_address>0x15f2d</run_address>
         <size>0x4cfa</size>
         <input_file_ref idref="fl-ea"/>
      </object_component>
      <object_component id="oc-180">
         <name>.debug_info</name>
         <load_address>0x1ac27</load_address>
         <run_address>0x1ac27</run_address>
         <size>0x46</size>
         <input_file_ref idref="fl-ea"/>
      </object_component>
      <object_component id="oc-185">
         <name>.debug_info</name>
         <load_address>0x1ac6d</load_address>
         <run_address>0x1ac6d</run_address>
         <size>0x109</size>
         <input_file_ref idref="fl-ea"/>
      </object_component>
      <object_component id="oc-196">
         <name>.debug_info</name>
         <load_address>0x1ad76</load_address>
         <run_address>0x1ad76</run_address>
         <size>0x26a</size>
         <input_file_ref idref="fl-eb"/>
      </object_component>
      <object_component id="oc-fc">
         <name>.debug_info</name>
         <load_address>0x1afe0</load_address>
         <run_address>0x1afe0</run_address>
         <size>0x409</size>
         <input_file_ref idref="fl-eb"/>
      </object_component>
      <object_component id="oc-17b">
         <name>.debug_info</name>
         <load_address>0x1b3e9</load_address>
         <run_address>0x1b3e9</run_address>
         <size>0x166</size>
         <input_file_ref idref="fl-ec"/>
      </object_component>
      <object_component id="oc-ee">
         <name>.debug_info</name>
         <load_address>0x1b54f</load_address>
         <run_address>0x1b54f</run_address>
         <size>0x737</size>
         <input_file_ref idref="fl-ec"/>
      </object_component>
      <object_component id="oc-282">
         <name>.debug_info</name>
         <load_address>0x1bc86</load_address>
         <run_address>0x1bc86</run_address>
         <size>0x229</size>
         <input_file_ref idref="fl-ed"/>
      </object_component>
      <object_component id="oc-216">
         <name>.debug_info</name>
         <load_address>0x1beaf</load_address>
         <run_address>0x1beaf</run_address>
         <size>0x234</size>
         <input_file_ref idref="fl-ed"/>
      </object_component>
      <object_component id="oc-222">
         <name>.debug_info</name>
         <load_address>0x1c0e3</load_address>
         <run_address>0x1c0e3</run_address>
         <size>0x20b</size>
         <input_file_ref idref="fl-ed"/>
      </object_component>
      <object_component id="oc-21c">
         <name>.debug_info</name>
         <load_address>0x1c2ee</load_address>
         <run_address>0x1c2ee</run_address>
         <size>0x209</size>
         <input_file_ref idref="fl-ed"/>
      </object_component>
      <object_component id="oc-22e">
         <name>.debug_info</name>
         <load_address>0x1c4f7</load_address>
         <run_address>0x1c4f7</run_address>
         <size>0x1fb</size>
         <input_file_ref idref="fl-ed"/>
      </object_component>
      <object_component id="oc-228">
         <name>.debug_info</name>
         <load_address>0x1c6f2</load_address>
         <run_address>0x1c6f2</run_address>
         <size>0x220</size>
         <input_file_ref idref="fl-ed"/>
      </object_component>
      <object_component id="oc-297">
         <name>.debug_info</name>
         <load_address>0x1c912</load_address>
         <run_address>0x1c912</run_address>
         <size>0x1bb</size>
         <input_file_ref idref="fl-ee"/>
      </object_component>
      <object_component id="oc-24d">
         <name>.debug_info</name>
         <load_address>0x1cacd</load_address>
         <run_address>0x1cacd</run_address>
         <size>0x1be</size>
         <input_file_ref idref="fl-ee"/>
      </object_component>
      <object_component id="oc-299">
         <name>.debug_info</name>
         <load_address>0x1cc8b</load_address>
         <run_address>0x1cc8b</run_address>
         <size>0x110</size>
         <input_file_ref idref="fl-ee"/>
      </object_component>
      <object_component id="oc-29e">
         <name>.debug_info</name>
         <load_address>0x1cd9b</load_address>
         <run_address>0x1cd9b</run_address>
         <size>0x1ad</size>
         <input_file_ref idref="fl-ee"/>
      </object_component>
      <object_component id="oc-145">
         <name>.debug_info</name>
         <load_address>0x1cf48</load_address>
         <run_address>0x1cf48</run_address>
         <size>0x1c8</size>
         <input_file_ref idref="fl-ee"/>
      </object_component>
      <object_component id="oc-13f">
         <name>.debug_info</name>
         <load_address>0x1d110</load_address>
         <run_address>0x1d110</run_address>
         <size>0x1fa</size>
         <input_file_ref idref="fl-ee"/>
      </object_component>
[...]
      <symbol id="sm-679">
         <name>vPortEndScheduler</name>
         <value>0x20008b7d</value>
         <object_component_ref idref="oc-38"/>
      </symbol>
      <symbol id="sm-67a">
         <name>vPortYield</name>
         <value>0x20008b7f</value>
         <object_component_ref idref="oc-38"/>
      </symbol>
      <symbol id="sm-67b">
         <name>xPortSysTickHandler</name>
         <value>0x20008bc1</value>
         <object_component_ref idref="oc-38"/>
      </symbol>
      <symbol id="sm-67c">
         <name>pxPortInitialiseStack</name>
         <value>0x20008b01</value>
         <object_component_ref idref="oc-38"/>
      </symbol>
      <symbol id="sm-67d">
         <name>vPortExitCritical</name>
         <value>0x20008ba9</value>
         <object_component_ref idref="oc-38"/>
      </symbol>
      <symbol id="sm-67e">
         <name>xPortStartScheduler</name>
         <value>0x20008b51</value>
         <object_component_ref idref="oc-38"/>
      </symbol>
      <symbol id="sm-67f">
         <name>vPortEnterCritical</name>
         <value>0x20008b91</value>
         <object_component_ref idref="oc-38"/>
      </symbol>
      <symbol id="sm-690">
         <name>portCLZ</name>
         <value>0x20008e91</value>
         <object_component_ref idref="oc-33"/>
      </symbol>
      <symbol id="sm-691">
         <name>xPortPendSVHandler</name>
         <value>0x20008e05</value>
         <object_component_ref idref="oc-33"/>
      </symbol>
      <symbol id="sm-692">
         <name>vPortClearInterruptMask</name>
         <value>0x20008df7</value>
         <object_component_ref idref="oc-33"/>
      </symbol>
      <symbol id="sm-693">
         <name>ulPortSetInterruptMask</name>
         <value>0x20008de1</value>
         <object_component_ref idref="oc-33"/>
      </symbol>
      <symbol id="sm-694">
         <name>prvPortStartFirstTask</name>
         <value>0x20008e79</value>
         <object_component_ref idref="oc-33"/>
      </symbol>
      <symbol id="sm-695">
         <name>vPortSVCHandler</name>
         <value>0x20008e51</value>
         <object_component_ref idref="oc-33"/>
      </symbol>
      <symbol id="sm-749">
         <name>xQueuePeekFromISR</name>
         <value>0x20006e29</value>
         <object_component_ref idref="oc-1cc"/>
      </symbol>
      <symbol id="sm-74a">
         <name>xQueueIsQueueEmptyFromISR</name>
         <value>0x200070af</value>
         <object_component_ref idref="oc-1cc"/>
      </symbol>
      <symbol id="sm-74b">
         <name>xQueueGenericSendFromISR</name>
         <value>0x20006bd3</value>
         <object_component_ref idref="oc-1cc"/>
      </symbol>
      <symbol id="sm-74c">
         <name>uxQueueMessagesWaiting</name>
         <value>0x20006e6d</value>
         <object_component_ref idref="oc-1cc"/>
      </symbol>
      <symbol id="sm-74d">
         <name>vQueueAddToRegistry</name>
         <value>0x20007113</value>
         <object_component_ref idref="oc-1cc"/>
      </symbol>
      <symbol id="sm-74e">
         <name>xQueueIsQueueFullFromISR</name>
         <value>0x200070f1</value>
         <object_component_ref idref="oc-1cc"/>
      </symbol>
      <symbol id="sm-74f">
         <name>xQueueSelectFromSet</name>
         <value>0x20007219</value>
         <object_component_ref idref="oc-1cc"/>
      </symbol>
      <symbol id="sm-750">
         <name>xQueueGenericCreate</name>
         <value>0x20006809</value>
         <object_component_ref idref="oc-1cc"/>
      </symbol>
      <symbol id="sm-751">
         <name>xQueueSelectFromSetFromISR</name>
         <value>0x20007233</value>
         <object_component_ref idref="oc-1cc"/>
      </symbol>
      <symbol id="sm-752">
         <name>xQueueCreateMutex</name>
         <value>0x2000687f</value>
         <object_component_ref idref="oc-1cc"/>
      </symbol>
      <symbol id="sm-753">
         <name>vQueueSetQueueNumber</name>
         <value>0x20006ee7</value>
         <object_component_ref idref="oc-1cc"/>
      </symbol>
      <symbol id="sm-754">
         <name>xQueueGenericSend</name>
         <value>0x2000691d</value>
         <object_component_ref idref="oc-1cc"/>
      </symbol>
      <symbol id="sm-755">
         <name>xQueueGenericReset</name>
         <value>0x20006779</value>
         <object_component_ref idref="oc-1cc"/>
      </symbol>
      <symbol id="sm-756">
         <name>xQueueReceiveFromISR</name>
         <value>0x20006db1</value>
         <object_component_ref idref="oc-1cc"/>
      </symbol>
      <symbol id="sm-757">
         <name>uxQueueSpacesAvailable</name>
         <value>0x20006e83</value>
         <object_component_ref idref="oc-1cc"/>
      </symbol>
      <symbol id="sm-758">
         <name>xQueueRegistry</name>
         <value>0x2001b0c8</value>
         <object_component_ref idref="oc-2a4"/>
      </symbol>
      <symbol id="sm-759">
         <name>vQueueUnregisterQueue</name>
         <value>0x20007155</value>
         <object_component_ref idref="oc-1cc"/>
      </symbol>
      <symbol id="sm-75a">
         <name>xQueueAltGenericReceive</name>
         <value>0x20006ad5</value>
         <object_component_ref idref="oc-1cc"/>
      </symbol>
      <symbol id="sm-75b">
         <name>uxQueueMessagesWaitingFromISR</name>
         <value>0x20006ea3</value>
         <object_component_ref idref="oc-1cc"/>
      </symbol>
      <symbol id="sm-75c">
         <name>uxQueueGetQueueNumber</name>
         <value>0x20006ed9</value>
         <object_component_ref idref="oc-1cc"/>
      </symbol>
      <symbol id="sm-75d">
         <name>xQueueGenericReceive</name>
         <value>0x20006c6f</value>
         <object_component_ref idref="oc-1cc"/>
      </symbol>
      <symbol id="sm-75e">
         <name>xQueueCreateCountingSemaphore</name>
         <value>0x200068fd</value>
         <object_component_ref idref="oc-1cc"/>
      </symbol>
      <symbol id="sm-75f">
         <name>vQueueDelete</name>
         <value>0x20006eb5</value>
         <object_component_ref idref="oc-1cc"/>
      </symbol>
      <symbol id="sm-760">
         <name>xQueueAddToSet</name>
         <value>0x200071a3</value>
         <object_component_ref idref="oc-1cc"/>
      </symbol>
      <symbol id="sm-761">
         <name>xQueueAltGenericSend</name>
         <value>0x20006a29</value>
         <object_component_ref idref="oc-1cc"/>
      </symbol>
      <symbol id="sm-762">
         <name>xQueueCreateSet</name>
         <value>0x2000718f</value>
         <object_component_ref idref="oc-1cc"/>
      </symbol>
      <symbol id="sm-763">
         <name>xQueueRemoveFromSet</name>
         <value>0x200071d7</value>
         <object_component_ref idref="oc-1cc"/>
      </symbol>
      <symbol id="sm-764">
         <name>ucQueueGetQueueType</name>
         <value>0x20006ef9</value>
         <object_component_ref idref="oc-1cc"/>
      </symbol>
      <symbol id="sm-8d4">
         <name>vTaskDelay</name>
         <value>0x2000463b</value>
         <object_component_ref idref="oc-8b"/>
      </symbol>
      <symbol id="sm-8d5">
         <name>vTaskSuspendAll</name>
         <value>0x20004a9f</value>
         <object_component_ref idref="oc-8b"/>
      </symbol>
      <symbol id="sm-8d6">
         <name>vTaskPriorityInherit</name>
         <value>0x200054dd</value>
         <object_component_ref idref="oc-8b"/>
      </symbol>
      <symbol id="sm-8d7">
         <name>vTaskPlaceOnEventList</name>
         <value>0x20004e51</value>
         <object_component_ref idref="oc-8b"/>
      </symbol>
      <symbol id="sm-8d8">
         <name>vTaskSetTaskNumber</name>
         <value>0x200050e9</value>
         <object_component_ref idref="oc-8b"/>
      </symbol>
      <symbol id="sm-8d9">
         <name>xTaskCheckForTimeOut</name>
         <value>0x20005041</value>
         <object_component_ref idref="oc-8b"/>
      </symbol>
      <symbol id="sm-8da">
         <name>xTaskRemoveFromUnorderedEventList</name>
         <value>0x20004fad</value>
         <object_component_ref idref="oc-8b"/>
      </symbol>
      <symbol id="sm-8db">
         <name>vTaskPrioritySet</name>
         <value>0x2000475d</value>
         <object_component_ref idref="oc-8b"/>
      </symbol>
      <symbol id="sm-8dc">
         <name>vTaskStartScheduler</name>
         <value>0x20004a43</value>
         <object_component_ref idref="oc-8b"/>
      </symbol>
      <symbol id="sm-8dd">
         <name>pcTaskGetTaskName</name>
         <value>0x20004bb5</value>
         <object_component_ref idref="oc-8b"/>
      </symbol>
      <symbol id="sm-8de">
         <name>vTaskPriorityDisinherit</name>
         <value>0x20005597</value>
         <object_component_ref idref="oc-8b"/>
      </symbol>
      <symbol id="sm-8df">
         <name>vTaskDelayUntil</name>
         <value>0x2000459f</value>
         <object_component_ref idref="oc-8b"/>
      </symbol>
      <symbol id="sm-8e0">
         <name>uxTaskGetTaskNumber</name>
         <value>0x200050c9</value>
         <object_component_ref idref="oc-8b"/>
      </symbol>
      <symbol id="sm-8e1">
         <name>vTaskEndScheduler</name>
         <value>0x20004a8d</value>
         <object_component_ref idref="oc-8b"/>
      </symbol>
      <symbol id="sm-8e2">
         <name>vTaskMissedYield</name>
         <value>0x200050bb</value>
         <object_component_ref idref="oc-8b"/>
      </symbol>
      <symbol id="sm-8e3">
         <name>uxTaskGetNumberOfTasks</name>
         <value>0x20004ba9</value>
         <object_component_ref idref="oc-8b"/>
      </symbol>
      <symbol id="sm-8e4">
         <name>uxTaskPriorityGet</name>
         <value>0x20004725</value>
         <object_component_ref idref="oc-8b"/>
      </symbol>
      <symbol id="sm-8e5">
         <name>xTaskResumeAll</name>
         <value>0x20004ab1</value>
         <object_component_ref idref="oc-8b"/>
      </symbol>
      <symbol id="sm-8e6">
         <name>xTaskGetTickCount</name>
         <value>0x20004b7d</value>
         <object_component_ref idref="oc-8b"/>
      </symbol>
      <symbol id="sm-8e7">
         <name>xTaskGenericCreate</name>
         <value>0x20004401</value>
         <object_component_ref idref="oc-8b"/>
      </symbol>
      <symbol id="sm-8e8">
         <name>uxTaskGetSystemState</name>
         <value>0x20004bd9</value>
         <object_component_ref idref="oc-8b"/>
      </symbol>
      <symbol id="sm-8e9">
         <name>vTaskDelete</name>
         <value>0x2000450f</value>
         <object_component_ref idref="oc-8b"/>
      </symbol>
      <symbol id="sm-8ea">
         <name>pxCurrentTCB</name>
         <value>0x2001b190</value>
         <object_component_ref idref="oc-91"/>
      </symbol>
      <symbol id="sm-8eb">
         <name>eTaskGetState</name>
         <value>0x20004691</value>
         <object_component_ref idref="oc-8b"/>
      </symbol>
      <symbol id="sm-8ec">
         <name>vTaskSuspend</name>
         <value>0x20004861</value>
         <object_component_ref idref="oc-8b"/>
      </symbol>
      <symbol id="sm-8ed">
         <name>xTaskGetIdleTaskHandle</name>
         <value>0x20004c97</value>
         <object_component_ref idref="oc-8b"/>
      </symbol>
      <symbol id="sm-8ee">
         <name>xTaskGetTickCountFromISR</name>
         <value>0x20004b91</value>
         <object_component_ref idref="oc-8b"/>
      </symbol>
      <symbol id="sm-8ef">
         <name>vTaskResume</name>
         <value>0x20004955</value>
         <object_component_ref idref="oc-8b"/>
      </symbol>
      <symbol id="sm-8f0">
         <name>vTaskSetTimeOutState</name>
         <value>0x2000501b</value>
         <object_component_ref idref="oc-8b"/>
      </symbol>
      <symbol id="sm-8f1">
         <name>xTaskIncrementTick</name>
         <value>0x20004cb5</value>
         <object_component_ref idref="oc-8b"/>
      </symbol>
      <symbol id="sm-8f2">
         <name>vTaskSwitchContext</name>
         <value>0x20004dd1</value>
         <object_component_ref idref="oc-8b"/>
      </symbol>
      <symbol id="sm-8f3">
         <name>uxTaskResetEventItemValue</name>
         <value>0x20005621</value>
         <object_component_ref idref="oc-8b"/>
      </symbol>
      <symbol id="sm-8f4">
         <name>xTaskGetSchedulerState</name>
         <value>0x200054a5</value>
         <object_component_ref idref="oc-8b"/>
      </symbol>
      <symbol id="sm-8f5">
         <name>xTaskResumeFromISR</name>
         <value>0x200049c9</value>
         <object_component_ref idref="oc-8b"/>
      </symbol>
      <symbol id="sm-8f6">
         <name>xTaskGetCurrentTaskHandle</name>
         <value>0x20005491</value>
         <object_component_ref idref="oc-8b"/>
      </symbol>
      <symbol id="sm-8f7">
         <name>vTaskPlaceOnUnorderedEventList</name>
         <value>0x20004eb5</value>
         <object_component_ref idref="oc-8b"/>
      </symbol>
      <symbol id="sm-8f8">
         <name>xTaskRemoveFromEventList</name>
         <value>0x20004f25</value>
         <object_component_ref idref="oc-8b"/>
      </symbol>
      <symbol id="sm-908">
         <name>pvPortMalloc</name>
         <value>0x20009935</value>
         <object_component_ref idref="oc-fb"/>
      </symbol>
      <symbol id="sm-909">
         <name>vPortFree</name>
         <value>0x20009955</value>
         <object_component_ref idref="oc-fb"/>
      </symbol>
      <symbol id="sm-91f">
         <name>uxListRemove</name>
         <value>0x20008ab7</value>
         <object_component_ref idref="oc-eb"/>
      </symbol>
      <symbol id="sm-920">
         <name>vListInsert</name>
         <value>0x20008a51</value>
         <object_component_ref idref="oc-eb"/>
      </symbol>
      <symbol id="sm-921">
         <name>vListInitialiseItem</name>
         <value>0x20008a05</value>
         <object_component_ref idref="oc-eb"/>
      </symbol>
      <symbol id="sm-922">
         <name>vListInsertEnd</name>
         <value>0x20008a15</value>
         <object_component_ref idref="oc-eb"/>
      </symbol>
      <symbol id="sm-923">
         <name>vListInitialise</name>
         <value>0x200089d5</value>
         <object_component_ref idref="oc-eb"/>
      </symbol>
      <symbol id="sm-95d">
         <name>GPIOIntEnable</name>
         <value>0x20009b8b</value>
         <object_component_ref idref="oc-221"/>
      </symbol>
      <symbol id="sm-95e">
         <name>GPIOIntTypeSet</name>
         <value>0x20009335</value>
         <object_component_ref idref="oc-215"/>
      </symbol>
      <symbol id="sm-95f">
         <name>GPIOIntClear</name>
         <value>0x20009c5f</value>
         <object_component_ref idref="oc-21b"/>
      </symbol>
      <symbol id="sm-960">
         <name>GPIOPinRead</name>
         <value>0x20009bbf</value>
         <object_component_ref idref="oc-22d"/>
      </symbol>
      <symbol id="sm-961">
         <name>GPIODirModeSet</name>
         <value>0x2000996d</value>
         <object_component_ref idref="oc-281"/>
      </symbol>
      <symbol id="sm-962">
         <name>GPIOPinWrite</name>
         <value>0x20009af5</value>
         <object_component_ref idref="oc-227"/>
      </symbol>
      <symbol id="sm-9da">
         <name>IntPrioritySet</name>
         <value>0x200096f1</value>
         <object_component_ref idref="oc-1ba"/>
      </symbol>
      <symbol id="sm-9db">
         <name>IntVTableBaseSet</name>
         <value>0x20009c75</value>
         <object_component_ref idref="oc-13e"/>
      </symbol>
      <symbol id="sm-9dc">
         <name>IntEnable</name>
         <value>0x20008f41</value>
         <object_component_ref idref="oc-14a"/>
      </symbol>
      <symbol id="sm-9dd">
         <name>IntDisable</name>
         <value>0x20008e99</value>
         <object_component_ref idref="oc-1c0"/>
      </symbol>
      <symbol id="sm-9de">
         <name>IntRegister</name>
         <value>0x20009b15</value>
         <object_component_ref idref="oc-1b4"/>
      </symbol>
      <symbol id="sm-9df">
         <name>IntUnregister</name>
         <value>0x20009a89</value>
         <object_component_ref idref="oc-1c6"/>
      </symbol>
      <symbol id="sm-9e0">
         <name>IntMasterEnable</name>
         <value>0x20009cd9</value>
         <object_component_ref idref="oc-144"/>
      </symbol>
      <symbol id="sm-a17">
         <name>PinTypeUART</name>
         <value>0x20009ba5</value>
         <object_component_ref idref="oc-275"/>
      </symbol>
      <symbol id="sm-a18">
         <name>PinTypeGPIO</name>
         <value>0x200099a3</value>
         <object_component_ref idref="oc-27b"/>
      </symbol>
      <symbol id="sm-a19">
         <name>PinConfigSet</name>
         <value>0x20009119</value>
         <object_component_ref idref="oc-2f3"/>
      </symbol>
      <symbol id="sm-a1a">
         <name>PinModeSet</name>
         <value>0x20009879</value>
         <object_component_ref idref="oc-2ed"/>
      </symbol>
      <symbol id="sm-a9c">
         <name>PRCMPeripheralReset</name>
         <value>0x20009641</value>
         <object_component_ref idref="oc-262"/>
      </symbol>
      <symbol id="sm-a9d">
         <name>PRCMPeripheralClkEnable</name>
         <value>0x200098f9</value>
         <object_component_ref idref="oc-25c"/>
      </symbol>
      <symbol id="sm-a9e">
         <name>PRCMPeripheralClockGet</name>
         <value>0x20009085</value>
         <object_component_ref idref="oc-1d6"/>
      </symbol>
      <symbol id="sm-a9f">
         <name>PRCMCC3200MCUInit</name>
         <value>0x200088a1</value>
         <object_component_ref idref="oc-150"/>
      </symbol>
      <symbol id="sm-aa0">
         <name>PRCMHIBRegWrite</name>
         <value>0x20009c1f</value>
         <object_component_ref idref="oc-256"/>
      </symbol>
      <symbol id="sm-aa1">
         <name>PRCMSysResetCauseGet</name>
         <value>0x20009a35</value>
         <object_component_ref idref="oc-26e"/>
      </symbol>
      <symbol id="sm-aa2">
         <name>PRCMPeripheralClkDisable</name>
         <value>0x20009a61</value>
         <object_component_ref idref="oc-268"/>
      </symbol>
      <symbol id="sm-aa3">
         <name>PRCMHIBRegRead</name>
         <value>0x20009c09</value>
         <object_component_ref idref="oc-250"/>
      </symbol>
      <symbol id="sm-adf">
         <name>UARTConfigSetExpClk</name>
         <value>0x20009431</value>
         <object_component_ref idref="oc-1dc"/>
      </symbol>
      <symbol id="sm-ae0">
         <name>UARTDisable</name>
         <value>0x200099d5</value>
         <object_component_ref idref="oc-2ab"/>
      </symbol>
      <symbol id="sm-ae1">
         <name>UARTCharsAvail</name>
         <value>0x20009bd7</value>
         <object_component_ref idref="oc-1ee"/>
      </symbol>
      <symbol id="sm-ae2">
         <name>UARTCharGetNonBlocking</name>
         <value>0x20009b53</value>
         <object_component_ref idref="oc-1f4"/>
      </symbol>
      <symbol id="sm-ae3">
         <name>UARTCharPut</name>
         <value>0x20009b35</value>
         <object_component_ref idref="oc-1e2"/>
      </symbol>
      <symbol id="sm-ae4">
         <name>UARTEnable</name>
         <value>0x20009aad</value>
         <object_component_ref idref="oc-2b1"/>
      </symbol>
      <symbol id="sm-ae8">
         <name>UtilsDelay</name>
         <value>0x20009ceb</value>
         <object_component_ref idref="oc-137"/>
      </symbol>
      <symbol id="sm-af2">
         <name>CPUcpsie</name>
         <value>0x20009c4b</value>
         <object_component_ref idref="oc-240"/>
      </symbol>
      <symbol id="sm-af5">
         <name>__TI_static_base__</name>
         <value>0x2000a0f8</value>
      </symbol>
      <symbol id="sm-af8">
         <name>SHT$$INIT_ARRAY$$Limit</name>
         <value>0x0</value>
      </symbol>
      <symbol id="sm-af9">
         <name>SHT$$INIT_ARRAY$$Base</name>
         <value>0x0</value>
      </symbol>
   </symbol_table>
   <title>Link successful</title>
</link_info>
