******************************************************************************
                  TI ARM Linker Unix v16.9.0                   
******************************************************************************
>> Linked Mon Jan 16 14:49:33 2017

OUTPUT FILE NAME:   <freertos_Blink.out>
ENTRY POINT SYMBOL: "_c_int00"  address: 200098b9


MEMORY CONFIGURATION

         name            origin    length      used     unused   attr    fill
----------------------  --------  ---------  --------  --------  ----  --------
  SRAM_CODE             20004000   00013000  00006154  0000ceac  RW X
  SRAM_DATA             20017000   00019000  0000431b  00014ce5  RW X


SEGMENT ALLOCATION MAP

run origin  load origin   length   init length attrs members
----------  ----------- ---------- ----------- ----- -------
20004000    20004000    00006158   00006158    r-x
  20004000    20004000    00000400   00000400    r-- .intvecs
  20004400    20004400    000058f4   000058f4    r-x .text
  20009cf4    20009cf4    00000400   00000400    r-- .const
  2000a0f8    2000a0f8    00000060   00000060    r-- .cinit
20017000    20017000    0000421c   00000000    rw-
  20017000    20017000    00004000   00000000    rw- .sysmem
  2001b000    2001b000    0000018f   00000000    rw- .bss
  2001b190    2001b190    0000008c   00000000    rw- .data
2002ff00    2002ff00    00000100   00000000    rw-
  2002ff00    2002ff00    00000100   00000000    rw- .stack


SECTION ALLOCATION MAP

 output                                  attributes/
section   page    origin      length       input sections
--------  ----  ----------  ----------   ----------------
.intvecs   0    20004000    00000400     
                  20004000    00000400     startup_ccs.obj (.intvecs)

.init_array 
*          0    20004000    00000000     UNINITIALIZED

.text      0    20004400    000058f4     
                  20004400    00001258     free_rtos.a : tasks.obj (.text)
                  20005658    0000111e     rtsv7M4_T_le_eabi.lib : _printfi.obj (.text)
                  20006776    00000002     driverlib.a : interrupt.obj (.text:IntDefaultHandler)
                  20006778    00000b24     free_rtos.a : queue.obj (.text)
                  2000729c    0000045c                 : osi_freertos.obj (.text)
                  200076f8    000003d0     rtsv7M4_T_le_eabi.lib : memory.obj (.text)
                  20007ac8    00000390     gpio_if.obj (.text)
                  20007e58    000002d8     main.obj (.text)
                  20008130    00000290     uart_if.obj (.text)
                  200083c0    000001f4     rtsv7M4_T_le_eabi.lib : ull_div_t2.obj (.text)
                  200085b4    000001b6                           : fd_add_t2.obj (.text)
                  2000876a    00000136                           : fd_div_t2.obj (.text)
                  200088a0    00000134     driverlib.a : prcm.obj (.text:PRCMCC3200MCUInit)
                  200089d4    0000012a     free_rtos.a : list.obj (.text)
                  20008afe    00000002     rtsv7M4_T_le_eabi.lib : mpu_init.obj (.text)
                  20008b00    00000110     free_rtos.a : port.obj (.text)
                  20008c10    000000fc     rtsv7M4_T_le_eabi.lib : fd_mul_t2.obj (.text)
                  20008d0c    000000d0                           : s_scalbn.obj (.text)
                  20008ddc    000000ba     free_rtos.a : portasm.obj (.text)
                  20008e96    00000002     rtsv7M4_T_le_eabi.lib : startup.obj (.text)
                  20008e98    000000a8     driverlib.a : interrupt.obj (.text:IntDisable)
                  20008f40    000000a8                 : interrupt.obj (.text:IntEnable)
                  20008fe8    0000009c     rtsv7M4_T_le_eabi.lib : memcpy_t2.obj (.text)
                  20009084    00000094     driverlib.a : prcm.obj (.text:PRCMPeripheralClockGet)
                  20009118    00000088                 : pin.obj (.text:PinConfigSet)
                  200091a0    00000088     rtsv7M4_T_le_eabi.lib : vsnprintf.obj (.text)
                  20009228    00000086                           : fd_cmp_t2.obj (.text:__aeabi_cdcmple)
                  200092ae    00000086                           : fd_cmp_t2.obj (.text:__aeabi_cdrcmple)
                  20009334    00000082     driverlib.a : gpio.obj (.text:GPIOIntTypeSet)
                  200093b6    0000007a     rtsv7M4_T_le_eabi.lib : memset_t2.obj (.text)
                  20009430    00000076     driverlib.a : uart.obj (.text:UARTConfigSetExpClk)
                  200094a6    00000002     --HOLE-- [fill = 0]
                  200094a8    00000070     rtsv7M4_T_le_eabi.lib : autoinit.obj (.text)
                  20009518    00000068                           : copy_decompress_lzss.obj (.text:decompress:lzss)
                  20009580    00000064     pinmux.obj (.text)
                  200095e4    0000005c     rtsv7M4_T_le_eabi.lib : s_frexp.obj (.text)
                  20009640    00000058     driverlib.a : prcm.obj (.text:PRCMPeripheralReset)
                  20009698    00000056     rtsv7M4_T_le_eabi.lib : ltoa.obj (.text)
                  200096ee    00000002     --HOLE-- [fill = 0]
                  200096f0    00000054     driverlib.a : interrupt.obj (.text:IntPrioritySet)
                  20009744    00000054     rtsv7M4_T_le_eabi.lib : exit.obj (.text)
                  20009798    0000004c                           : atoi.obj (.text)
                  200097e4    0000004c                           : cpy_tbl.obj (.text)
                  20009830    00000048                           : fd_toi_t2.obj (.text)
                  20009878    00000040     driverlib.a : pin.obj (.text:PinModeSet)
                  200098b8    00000040     rtsv7M4_T_le_eabi.lib : boot.obj (.text)
                  200098f8    0000003c     driverlib.a : prcm.obj (.text:PRCMPeripheralClkEnable)
                  20009934    00000038     free_rtos.a : heap_3.obj (.text)
                  2000996c    00000036     driverlib.a : gpio.obj (.text:GPIODirModeSet)
                  200099a2    00000030                 : pin.obj (.text:PinTypeGPIO)
                  200099d2    00000002     --HOLE-- [fill = 0]
                  200099d4    00000030                 : uart.obj (.text:UARTDisable)
                  20009a04    0000002e     rtsv7M4_T_le_eabi.lib : i_tofd_t2.obj (.text)
                  20009a32    00000002     --HOLE-- [fill = 0]
                  20009a34    0000002c     driverlib.a : prcm.obj (.text:PRCMSysResetCauseGet)
                  20009a60    00000028                 : prcm.obj (.text:PRCMPeripheralClkDisable)
                  20009a88    00000024                 : interrupt.obj (.text:IntUnregister)
                  20009aac    00000024                 : uart.obj (.text:UARTEnable)
                  20009ad0    00000024     rtsv7M4_T_le_eabi.lib : memmov.obj (.text)
                  20009af4    00000020     driverlib.a : gpio.obj (.text:GPIOPinWrite)
                  20009b14    00000020                 : interrupt.obj (.text:IntRegister)
                  20009b34    0000001e                 : uart.obj (.text:UARTCharPut)
                  20009b52    0000001c                 : uart.obj (.text:UARTCharGetNonBlocking)
                  20009b6e    0000001c     rtsv7M4_T_le_eabi.lib : memccpy.obj (.text)
                  20009b8a    0000001a     driverlib.a : gpio.obj (.text:GPIOIntEnable)
                  20009ba4    0000001a                 : pin.obj (.text:PinTypeUART)
                  20009bbe    00000018                 : gpio.obj (.text:GPIOPinRead)
                  20009bd6    00000018                 : uart.obj (.text:UARTCharsAvail)
                  20009bee    00000002     --HOLE-- [fill = 0]
                  20009bf0    00000018     rtsv7M4_T_le_eabi.lib : args_main.obj (.text)
                  20009c08    00000016     driverlib.a : prcm.obj (.text:PRCMHIBRegRead)
                  20009c1e    00000016                 : prcm.obj (.text:PRCMHIBRegWrite)
                  20009c34    00000016     rtsv7M4_T_le_eabi.lib : strchr.obj (.text)
                  20009c4a    00000014     driverlib.a : cpu.obj (.text:CPUcpsie)
                  20009c5e    00000014                 : gpio.obj (.text:GPIOIntClear)
                  20009c72    00000002     --HOLE-- [fill = 0]
                  20009c74    00000014                 : interrupt.obj (.text:IntVTableBaseSet)
                  20009c88    00000014     rtsv7M4_T_le_eabi.lib : _lock.obj (.text)
                  20009c9c    00000014                           : strlen.obj (.text)
                  20009cb0    0000000e                           : copy_decompress_none.obj (.text:decompress:none)
                  20009cbe    0000000e     startup_ccs.obj (.text)
                  20009ccc    0000000c     rtsv7M4_T_le_eabi.lib : copy_zero_init.obj (.text:decompress:ZI)
                  20009cd8    0000000a     driverlib.a : interrupt.obj (.text:IntMasterEnable)
                  20009ce2    00000008     rtsv7M4_T_le_eabi.lib : s_copysign.obj (.text)
                  20009cea    00000006     driverlib.a : utils.obj (.text:UtilsDelay)
                  20009cf0    00000004     rtsv7M4_T_le_eabi.lib : pre_init.obj (.text)

.const     0    20009cf4    00000400     
                  20009cf4    00000101     rtsv7M4_T_le_eabi.lib : ctype.obj (.const:.string:_ctypes_)
                  20009df5    00000003     --HOLE-- [fill = 0]
                  20009df8    00000100     driverlib.a : pin.obj (.const:g_ulPinToPadMap)
                  20009ef8    000000d4                 : interrupt.obj (.const:g_pulRegs)
                  20009fcc    000000a8                 : prcm.obj (.const:PRCM_PeriphRegsList)
                  2000a074    00000080                 : interrupt.obj (.const)

.cinit     0    2000a0f8    00000060     
                  2000a0f8    00000039     (.cinit..data.load) [load image, compression = lzss]
                  2000a131    00000003     --HOLE-- [fill = 0]
                  2000a134    0000000c     (__TI_handler_table)
                  2000a140    00000008     (.cinit..bss.load) [load image, compression = zero_init]
                  2000a148    00000010     (__TI_cinit_table)

.sysmem    0    20017000    00004000     UNINITIALIZED
                  20017000    00000008     rtsv7M4_T_le_eabi.lib : memory.obj (.sysmem)
                  20017008    00003ff8     --HOLE--

.bss       0    2001b000    0000018f     UNINITIALIZED
                  2001b000    000000c8     free_rtos.a : tasks.obj (.bss:pxReadyTasksLists)
                  2001b0c8    00000050                 : queue.obj (.bss:xQueueRegistry)
                  2001b118    00000014     (.common:xDelayedTaskList1)
                  2001b12c    00000014     (.common:xDelayedTaskList2)
                  2001b140    00000014     (.common:xPendingReadyList)
                  2001b154    00000014     (.common:xSuspendedTaskList)
                  2001b168    00000014     (.common:xTasksWaitingTermination)
                  2001b17c    00000004     uart_if.obj (.bss)
                  2001b180    00000004     (.common:MsgQ)
                  2001b184    00000004     (.common:pxDelayedTaskList)
                  2001b188    00000004     (.common:pxOverflowDelayedTaskList)
                  2001b18c    00000001     (.common:g_ucLED1Pin)
                  2001b18d    00000001     (.common:g_ucLED2Pin)
                  2001b18e    00000001     (.common:g_ucLED3Pin)

.data      0    2001b190    0000008c     UNINITIALIZED
                  2001b190    00000034     free_rtos.a : tasks.obj (.data)
                  2001b1c4    00000014     gpio_if.obj (.data:ulReg)
                  2001b1d8    0000000c     rtsv7M4_T_le_eabi.lib : exit.obj (.data:$O1$$)
                  2001b1e4    0000000c                           : memory.obj (.data:$O1$$)
                  2001b1f0    0000000c     free_rtos.a : osi_freertos.obj (.data)
                  2001b1fc    0000000c     gpio_if.obj (.data)
                  2001b208    00000008     rtsv7M4_T_le_eabi.lib : _lock.obj (.data:$O1$$)
                  2001b210    00000004     free_rtos.a : port.obj (.data)
                  2001b214    00000004     rtsv7M4_T_le_eabi.lib : errno.obj (.data)
                  2001b218    00000004                           : stkdepth_vars.obj (.data)

.stack     0    2002ff00    00000100     UNINITIALIZED
                  2002ff00    00000100     --HOLE--

MODULE SUMMARY

       Module                     code    ro data   rw data
       ------                     ----    -------   -------
    ./
       startup_ccs.obj            14      1024      0      
       gpio_if.obj                912     0         35     
       main.obj                   728     0         4      
       uart_if.obj                656     0         4      
       pinmux.obj                 100     0         0      
    +--+--------------------------+-------+---------+---------+
       Total:                     2410    1024      43     
                                                           
    /home/axel/ti/ccsv7/tools/compiler/ti-cgt-arm_16.9.0.LTS/lib/rtsv7M4_T_le_eabi.lib
       _printfi.obj               4382    0         0      
       memory.obj                 976     0         12     
       ull_div_t2.obj             500     0         0      
       fd_add_t2.obj              438     0         0      
       fd_div_t2.obj              310     0         0      
       fd_cmp_t2.obj              268     0         0      
       ctype.obj                  0       257       0      
       fd_mul_t2.obj              252     0         0      
       s_scalbn.obj               208     0         0      
       memcpy_t2.obj              156     0         0      
       vsnprintf.obj              136     0         0      
       memset_t2.obj              122     0         0      
       autoinit.obj               112     0         0      
       copy_decompress_lzss.obj   104     0         0      
       exit.obj                   84      0         12     
       s_frexp.obj                92      0         0      
       ltoa.obj                   86      0         0      
       atoi.obj                   76      0         0      
       cpy_tbl.obj                76      0         0      
       fd_toi_t2.obj              72      0         0      
       boot.obj                   64      0         0      
       i_tofd_t2.obj              46      0         0      
       memmov.obj                 36      0         0      
       _lock.obj                  20      0         8      
       memccpy.obj                28      0         0      
       args_main.obj              24      0         0      
       strchr.obj                 22      0         0      
       strlen.obj                 20      0         0      
       copy_decompress_none.obj   14      0         0      
       copy_zero_init.obj         12      0         0      
       s_copysign.obj             8       0         0      
       errno.obj                  0       0         4      
       pre_init.obj               4       0         0      
       stkdepth_vars.obj          0       0         4      
       mpu_init.obj               2       0         0      
       startup.obj                2       0         0      
    +--+--------------------------+-------+---------+---------+
       Total:                     8752    257       40     
                                                           
    /home/axel/ti/tirex-content/CC3200SDK_1.1.0/cc3200-sdk/driverlib/ccs/Release/driverlib.a
       prcm.obj                   732     168       0      
       interrupt.obj              520     340       0      
       pin.obj                    274     256       0      
       gpio.obj                   286     0         0      
       uart.obj                   284     0         0      
       cpu.obj                    20      0         0      
       utils.obj                  6       0         0      
    +--+--------------------------+-------+---------+---------+
       Total:                     2122    764       0      
                                                           
    /home/axel/ti/tirex-content/CC3200SDK_1.1.0/cc3200-sdk/oslib/ccs/free_rtos/free_rtos.a
       tasks.obj                  4696    0         360    
       queue.obj                  2852    0         80     
       osi_freertos.obj           1116    0         12     
       list.obj                   298     0         0      
       port.obj                   272     0         4      
       portasm.obj                186     0         0      
       heap_3.obj                 56      0         0      
    +--+--------------------------+-------+---------+---------+
       Total:                     9476    0         456    
                                                           
       Heap:                      0       0         16384  
       Stack:                     0       0         256    
       Linker Generated:          0       93        0      
    +--+--------------------------+-------+---------+---------+
       Grand Total:               22760   2138      17179  


LINKER GENERATED COPY TABLES

__TI_cinit_table @ 2000a148 records: 2, size/record: 8, table size: 16
	.data: load addr=2000a0f8, load size=00000039 bytes, run addr=2001b190, run size=0000008c bytes, compression=lzss
	.bss: load addr=2000a140, load size=00000008 bytes, run addr=2001b000, run size=0000018f bytes, compression=zero_init


LINKER GENERATED HANDLER TABLE

__TI_handler_table @ 2000a134 records: 3, size/record: 4, table size: 12
	index: 0, handler: __TI_decompress_lzss
	index: 1, handler: __TI_decompress_none
	index: 2, handler: __TI_zero_init


GLOBAL SYMBOLS: SORTED ALPHABETICALLY BY Name 

address   name                             
-------   ----                             
20009745  C$$EXIT                          
20009c4b  CPUcpsie                         
20008171  ClearTerm                        
2000817b  Error                            
2000996d  GPIODirModeSet                   
20009c5f  GPIOIntClear                     
20009b8b  GPIOIntEnable                    
20009335  GPIOIntTypeSet                   
20009bbf  GPIOPinRead                      
20009af5  GPIOPinWrite                     
20007d89  GPIO_IF_ConfigureNIntEnable      
20007e05  GPIO_IF_Get                      
20007d43  GPIO_IF_GetPortNPin              
20007b05  GPIO_IF_LedConfigure             
20007bf7  GPIO_IF_LedOff                   
20007b43  GPIO_IF_LedOn                    
20007cab  GPIO_IF_LedStatus                
20007d15  GPIO_IF_LedToggle                
20007dcb  GPIO_IF_Set                      
200081b3  GetCmd                           
20008131  InitTerm                         
20008e99  IntDisable                       
20008f41  IntEnable                        
20009cd9  IntMasterEnable                  
200096f1  IntPrioritySet                   
20009b15  IntRegister                      
20009a89  IntUnregister                    
20009c75  IntVTableBaseSet                 
2000814f  Message                          
2001b180  MsgQ                             
200088a1  PRCMCC3200MCUInit                
20009c09  PRCMHIBRegRead                   
20009c1f  PRCMHIBRegWrite                  
20009a61  PRCMPeripheralClkDisable         
200098f9  PRCMPeripheralClkEnable          
20009085  PRCMPeripheralClockGet           
20009641  PRCMPeripheralReset              
20009a35  PRCMSysResetCauseGet             
20009119  PinConfigSet                     
20009879  PinModeSet                       
20009581  PinMuxConfig                     
200099a3  PinTypeGPIO                      
20009ba5  PinTypeUART                      
20008301  Report                           
20009cbf  ResetISR                         
UNDEFED   SHT$$INIT_ARRAY$$Base            
UNDEFED   SHT$$INIT_ARRAY$$Limit           
20008269  TrimSpace                        
20009b53  UARTCharGetNonBlocking           
20009b35  UARTCharPut                      
20009bd7  UARTCharsAvail                   
20009431  UARTConfigSetExpClk              
200099d5  UARTDisable                      
20009aad  UARTEnable                       
20009ceb  UtilsDelay                       
20007565  VDeleteSimpleLinkSpawnTask       
20007515  VStartSimpleLinkSpawnTask        
20030000  __STACK_END                      
00000100  __STACK_SIZE                     
00004000  __SYSMEM_SIZE                    
2000a148  __TI_CINIT_Base                  
2000a158  __TI_CINIT_Limit                 
2000a134  __TI_Handler_Table_Base          
2000a140  __TI_Handler_Table_Limit         
200094a9  __TI_auto_init                   
2001b1d8  __TI_cleanup_ptr                 
20009519  __TI_decompress_lzss             
20009cb1  __TI_decompress_none             
2001b1dc  __TI_dtors_ptr                   
2001b1e0  __TI_enable_exit_profile_output  
ffffffff  __TI_pprof_out_hndl              
20005e8d  __TI_printfi                     
ffffffff  __TI_prof_data_size              
ffffffff  __TI_prof_data_start             
2000a0f8  __TI_static_base__               
20009ccd  __TI_zero_init                   
20009229  __aeabi_cdcmpeq                  
20009229  __aeabi_cdcmple                  
200092af  __aeabi_cdrcmple                 
20009831  __aeabi_d2iz                     
200085bf  __aeabi_dadd                     
2000876b  __aeabi_ddiv                     
20008c11  __aeabi_dmul                     
200085b5  __aeabi_dsub                     
20009a05  __aeabi_i2d                      
200093b7  __aeabi_memclr                   
200093b7  __aeabi_memclr4                  
200093b7  __aeabi_memclr8                  
20008fe9  __aeabi_memcpy                   
20008fe9  __aeabi_memcpy4                  
20008fe9  __aeabi_memcpy8                  
200093b9  __aeabi_memset                   
200093b9  __aeabi_memset4                  
200093b9  __aeabi_memset8                  
200083c1  __aeabi_uldivmod                 
ffffffff  __binit__                        
ffffffff  __c_args__                       
20008aff  __mpu_init                       
2002ff00  __stack                          
20009bf1  _args_main                       
200098b9  _c_int00                         
20009cf4  _ctypes_                         
2001b208  _lock                            
20009c97  _nop                             
20009c8f  _register_lock                   
20009c89  _register_unlock                 
20017000  _sys_memory                      
20008e97  _system_post_cinit               
20009cf1  _system_pre_init                 
2001b20c  _unlock                          
20009749  abort                            
20009799  atoi                             
ffffffff  binit                            
20007a99  calloc                           
200097e5  copy_in                          
20009ce3  copysign                         
20009ce3  copysignl                        
20004691  eTaskGetState                    
2001b214  errno                            
20009751  exit                             
200077e3  free                             
200095e5  frexp                            
200095e5  frexpl                           
20004000  g_pfnVectors                     
2001b18c  g_ucLED1Pin                      
2001b18d  g_ucLED2Pin                      
2001b18e  g_ucLED3Pin                      
2001b1fc  g_uiLED1Port                     
2001b200  g_uiLED2Port                     
2001b204  g_uiLED3Port                     
20008d0d  ldexp                            
20008d0d  ldexpl                           
20009699  ltoa                             
20007f73  main                             
2001b218  main_func_sp                     
20007779  malloc                           
20007669  mem_Free                         
2000765d  mem_Malloc                       
20007689  mem_copy                         
20007675  mem_set                          
200079ad  memalign                         
20009b6f  memccpy                          
20008fe9  memcpy                           
20009ad1  memmove                          
200093bf  memset                           
200076f9  minit                            
200076df  osi_ContextRestore               
200076dd  osi_ContextSave                  
2000769d  osi_EnterCritical                
200076a7  osi_ExitCritical                 
200072c3  osi_InterruptDeRegister          
2000729d  osi_InterruptRegister            
200073cd  osi_LockObjCreate                
20007441  osi_LockObjDelete                
20007451  osi_LockObjLock                  
2000747d  osi_LockObjUnlock                
20007591  osi_MsgQCreate                   
200075d5  osi_MsgQDelete                   
20007621  osi_MsgQRead                     
200075ef  osi_MsgQWrite                    
200076b9  osi_Sleep                        
200074a7  osi_Spawn                        
200073ab  osi_SyncObjClear                 
200072d5  osi_SyncObjCreate                
20007305  osi_SyncObjDelete                
2000731f  osi_SyncObjSignal                
20007347  osi_SyncObjSignalFromISR         
2000737f  osi_SyncObjWait                  
200073f3  osi_TaskCreate                   
20007433  osi_TaskDelete                   
200076c9  osi_TaskDisable                  
200076d3  osi_TaskEnable                   
200076b1  osi_start                        
20004bb5  pcTaskGetTaskName                
20008e91  portCLZ                          
20008e79  prvPortStartFirstTask            
20009935  pvPortMalloc                     
2001b190  pxCurrentTCB                     
20008b01  pxPortInitialiseStack            
200078a5  realloc                          
20008d0d  scalbn                           
20008d0d  scalbnl                          
20009c35  strchr                           
20009c9d  strlen                           
20006ef9  ucQueueGetQueueType              
20008de1  ulPortSetInterruptMask           
20008ab7  uxListRemove                     
20006ed9  uxQueueGetQueueNumber            
20006e6d  uxQueueMessagesWaiting           
20006ea3  uxQueueMessagesWaitingFromISR    
20006e83  uxQueueSpacesAvailable           
20004ba9  uxTaskGetNumberOfTasks           
20004bd9  uxTaskGetSystemState             
200050c9  uxTaskGetTaskNumber              
20004725  uxTaskPriorityGet                
20005621  uxTaskResetEventItemValue        
20007e63  vApplicationIdleHook             
20007e65  vApplicationMallocFailedHook     
20007e67  vApplicationStackOverflowHook    
20007e59  vAssertCalled                    
200089d5  vListInitialise                  
20008a05  vListInitialiseItem              
20008a51  vListInsert                      
20008a15  vListInsertEnd                   
20008df7  vPortClearInterruptMask          
20008b7d  vPortEndScheduler                
20008b91  vPortEnterCritical               
20008ba9  vPortExitCritical                
20009955  vPortFree                        
20008e51  vPortSVCHandler                  
20008bdd  vPortSetupTimerInterrupt         
20008b7f  vPortYield                       
20007113  vQueueAddToRegistry              
20006eb5  vQueueDelete                     
20006ee7  vQueueSetQueueNumber             
20007155  vQueueUnregisterQueue            
2000463b  vTaskDelay                       
2000459f  vTaskDelayUntil                  
2000450f  vTaskDelete                      
20004a8d  vTaskEndScheduler                
200050bb  vTaskMissedYield                 
20004e51  vTaskPlaceOnEventList            
20004eb5  vTaskPlaceOnUnorderedEventList   
20005597  vTaskPriorityDisinherit          
200054dd  vTaskPriorityInherit             
2000475d  vTaskPrioritySet                 
20004955  vTaskResume                      
200050e9  vTaskSetTaskNumber               
2000501b  vTaskSetTimeOutState             
20004a43  vTaskStartScheduler              
20004861  vTaskSuspend                     
20004a9f  vTaskSuspendAll                  
20004dd1  vTaskSwitchContext               
200091a1  vsnprintf                        
2001b1f0  xHigherPriorityTaskWoken         
20008e05  xPortPendSVHandler               
20008b51  xPortStartScheduler              
20008bc1  xPortSysTickHandler              
200071a3  xQueueAddToSet                   
20006ad5  xQueueAltGenericReceive          
20006a29  xQueueAltGenericSend             
200068fd  xQueueCreateCountingSemaphore    
2000687f  xQueueCreateMutex                
2000718f  xQueueCreateSet                  
20006809  xQueueGenericCreate              
20006c6f  xQueueGenericReceive             
20006779  xQueueGenericReset               
2000691d  xQueueGenericSend                
20006bd3  xQueueGenericSendFromISR         
200070af  xQueueIsQueueEmptyFromISR        
200070f1  xQueueIsQueueFullFromISR         
20006e29  xQueuePeekFromISR                
20006db1  xQueueReceiveFromISR             
2001b0c8  xQueueRegistry                   
200071d7  xQueueRemoveFromSet              
20007219  xQueueSelectFromSet              
20007233  xQueueSelectFromSetFromISR       
2001b1f4  xSimpleLinkSpawnQueue            
2001b1f8  xSimpleLinkSpawnTaskHndl         
20005041  xTaskCheckForTimeOut             
20004401  xTaskGenericCreate               
20005491  xTaskGetCurrentTaskHandle        
20004c97  xTaskGetIdleTaskHandle           
200054a5  xTaskGetSchedulerState           
20004b7d  xTaskGetTickCount                
20004b91  xTaskGetTickCountFromISR         
20004cb5  xTaskIncrementTick               
20004f25  xTaskRemoveFromEventList         
20004fad  xTaskRemoveFromUnorderedEventList
20004ab1  xTaskResumeAll                   
200049c9  xTaskResumeFromISR               


GLOBAL SYMBOLS: SORTED BY Symbol Address 

address   name                             
-------   ----                             
00000100  __STACK_SIZE                     
00004000  __SYSMEM_SIZE                    
20004000  g_pfnVectors                     
20004401  xTaskGenericCreate               
2000450f  vTaskDelete                      
2000459f  vTaskDelayUntil                  
2000463b  vTaskDelay                       
20004691  eTaskGetState                    
20004725  uxTaskPriorityGet                
2000475d  vTaskPrioritySet                 
20004861  vTaskSuspend                     
20004955  vTaskResume                      
200049c9  xTaskResumeFromISR               
20004a43  vTaskStartScheduler              
20004a8d  vTaskEndScheduler                
20004a9f  vTaskSuspendAll                  
20004ab1  xTaskResumeAll                   
20004b7d  xTaskGetTickCount                
20004b91  xTaskGetTickCountFromISR         
20004ba9  uxTaskGetNumberOfTasks           
20004bb5  pcTaskGetTaskName                
20004bd9  uxTaskGetSystemState             
20004c97  xTaskGetIdleTaskHandle           
20004cb5  xTaskIncrementTick               
20004dd1  vTaskSwitchContext               
20004e51  vTaskPlaceOnEventList            
20004eb5  vTaskPlaceOnUnorderedEventList   
20004f25  xTaskRemoveFromEventList         
20004fad  xTaskRemoveFromUnorderedEventList
2000501b  vTaskSetTimeOutState             
20005041  xTaskCheckForTimeOut             
200050bb  vTaskMissedYield                 
200050c9  uxTaskGetTaskNumber              
200050e9  vTaskSetTaskNumber               
20005491  xTaskGetCurrentTaskHandle        
200054a5  xTaskGetSchedulerState           
200054dd  vTaskPriorityInherit             
20005597  vTaskPriorityDisinherit          
20005621  uxTaskResetEventItemValue        
20005e8d  __TI_printfi                     
20006779  xQueueGenericReset               
20006809  xQueueGenericCreate              
2000687f  xQueueCreateMutex                
200068fd  xQueueCreateCountingSemaphore    
2000691d  xQueueGenericSend                
20006a29  xQueueAltGenericSend             
20006ad5  xQueueAltGenericReceive          
20006bd3  xQueueGenericSendFromISR         
20006c6f  xQueueGenericReceive             
20006db1  xQueueReceiveFromISR             
20006e29  xQueuePeekFromISR                
20006e6d  uxQueueMessagesWaiting           
20006e83  uxQueueSpacesAvailable           
20006ea3  uxQueueMessagesWaitingFromISR    
20006eb5  vQueueDelete                     
20006ed9  uxQueueGetQueueNumber            
20006ee7  vQueueSetQueueNumber             
20006ef9  ucQueueGetQueueType              
200070af  xQueueIsQueueEmptyFromISR        
200070f1  xQueueIsQueueFullFromISR         
20007113  vQueueAddToRegistry              
20007155  vQueueUnregisterQueue            
2000718f  xQueueCreateSet                  
200071a3  xQueueAddToSet                   
200071d7  xQueueRemoveFromSet              
20007219  xQueueSelectFromSet              
20007233  xQueueSelectFromSetFromISR       
2000729d  osi_InterruptRegister            
200072c3  osi_InterruptDeRegister          
200072d5  osi_SyncObjCreate                
20007305  osi_SyncObjDelete                
2000731f  osi_SyncObjSignal                
20007347  osi_SyncObjSignalFromISR         
2000737f  osi_SyncObjWait                  
200073ab  osi_SyncObjClear                 
200073cd  osi_LockObjCreate                
200073f3  osi_TaskCreate                   
20007433  osi_TaskDelete                   
20007441  osi_LockObjDelete                
20007451  osi_LockObjLock                  
2000747d  osi_LockObjUnlock                
200074a7  osi_Spawn                        
20007515  VStartSimpleLinkSpawnTask        
20007565  VDeleteSimpleLinkSpawnTask       
20007591  osi_MsgQCreate                   
200075d5  osi_MsgQDelete                   
200075ef  osi_MsgQWrite                    
20007621  osi_MsgQRead                     
2000765d  mem_Malloc                       
20007669  mem_Free                         
20007675  mem_set                          
20007689  mem_copy                         
2000769d  osi_EnterCritical                
200076a7  osi_ExitCritical                 
200076b1  osi_start                        
200076b9  osi_Sleep                        
200076c9  osi_TaskDisable                  
200076d3  osi_TaskEnable                   
200076dd  osi_ContextSave                  
200076df  osi_ContextRestore               
200076f9  minit                            
20007779  malloc                           
200077e3  free                             
200078a5  realloc                          
200079ad  memalign                         
20007a99  calloc                           
20007b05  GPIO_IF_LedConfigure             
20007b43  GPIO_IF_LedOn                    
20007bf7  GPIO_IF_LedOff                   
20007cab  GPIO_IF_LedStatus                
20007d15  GPIO_IF_LedToggle                
20007d43  GPIO_IF_GetPortNPin              
20007d89  GPIO_IF_ConfigureNIntEnable      
20007dcb  GPIO_IF_Set                      
20007e05  GPIO_IF_Get                      
20007e59  vAssertCalled                    
20007e63  vApplicationIdleHook             
20007e65  vApplicationMallocFailedHook     
20007e67  vApplicationStackOverflowHook    
20007f73  main                             
20008131  InitTerm                         
2000814f  Message                          
20008171  ClearTerm                        
2000817b  Error                            
200081b3  GetCmd                           
20008269  TrimSpace                        
20008301  Report                           
200083c1  __aeabi_uldivmod                 
200085b5  __aeabi_dsub                     
200085bf  __aeabi_dadd                     
2000876b  __aeabi_ddiv                     
200088a1  PRCMCC3200MCUInit                
200089d5  vListInitialise                  
20008a05  vListInitialiseItem              
20008a15  vListInsertEnd                   
20008a51  vListInsert                      
20008ab7  uxListRemove                     
20008aff  __mpu_init                       
20008b01  pxPortInitialiseStack            
20008b51  xPortStartScheduler              
20008b7d  vPortEndScheduler                
20008b7f  vPortYield                       
20008b91  vPortEnterCritical               
20008ba9  vPortExitCritical                
20008bc1  xPortSysTickHandler              
20008bdd  vPortSetupTimerInterrupt         
20008c11  __aeabi_dmul                     
20008d0d  ldexp                            
20008d0d  ldexpl                           
20008d0d  scalbn                           
20008d0d  scalbnl                          
20008de1  ulPortSetInterruptMask           
20008df7  vPortClearInterruptMask          
20008e05  xPortPendSVHandler               
20008e51  vPortSVCHandler                  
20008e79  prvPortStartFirstTask            
20008e91  portCLZ                          
20008e97  _system_post_cinit               
20008e99  IntDisable                       
20008f41  IntEnable                        
20008fe9  __aeabi_memcpy                   
20008fe9  __aeabi_memcpy4                  
20008fe9  __aeabi_memcpy8                  
20008fe9  memcpy                           
20009085  PRCMPeripheralClockGet           
20009119  PinConfigSet                     
200091a1  vsnprintf                        
20009229  __aeabi_cdcmpeq                  
20009229  __aeabi_cdcmple                  
200092af  __aeabi_cdrcmple                 
20009335  GPIOIntTypeSet                   
200093b7  __aeabi_memclr                   
200093b7  __aeabi_memclr4                  
200093b7  __aeabi_memclr8                  
200093b9  __aeabi_memset                   
200093b9  __aeabi_memset4                  
200093b9  __aeabi_memset8                  
200093bf  memset                           
20009431  UARTConfigSetExpClk              
200094a9  __TI_auto_init                   
20009519  __TI_decompress_lzss             
20009581  PinMuxConfig                     
200095e5  frexp                            
200095e5  frexpl                           
20009641  PRCMPeripheralReset              
20009699  ltoa                             
200096f1  IntPrioritySet                   
20009745  C$$EXIT                          
20009749  abort                            
20009751  exit                             
20009799  atoi                             
200097e5  copy_in                          
20009831  __aeabi_d2iz                     
20009879  PinModeSet                       
200098b9  _c_int00                         
200098f9  PRCMPeripheralClkEnable          
20009935  pvPortMalloc                     
20009955  vPortFree                        
2000996d  GPIODirModeSet                   
200099a3  PinTypeGPIO                      
200099d5  UARTDisable                      
20009a05  __aeabi_i2d                      
20009a35  PRCMSysResetCauseGet             
20009a61  PRCMPeripheralClkDisable         
20009a89  IntUnregister                    
20009aad  UARTEnable                       
20009ad1  memmove                          
20009af5  GPIOPinWrite                     
20009b15  IntRegister                      
20009b35  UARTCharPut                      
20009b53  UARTCharGetNonBlocking           
20009b6f  memccpy                          
20009b8b  GPIOIntEnable                    
20009ba5  PinTypeUART                      
20009bbf  GPIOPinRead                      
20009bd7  UARTCharsAvail                   
20009bf1  _args_main                       
20009c09  PRCMHIBRegRead                   
20009c1f  PRCMHIBRegWrite                  
20009c35  strchr                           
20009c4b  CPUcpsie                         
20009c5f  GPIOIntClear                     
20009c75  IntVTableBaseSet                 
20009c89  _register_unlock                 
20009c8f  _register_lock                   
20009c97  _nop                             
20009c9d  strlen                           
20009cb1  __TI_decompress_none             
20009cbf  ResetISR                         
20009ccd  __TI_zero_init                   
20009cd9  IntMasterEnable                  
20009ce3  copysign                         
20009ce3  copysignl                        
20009ceb  UtilsDelay                       
20009cf1  _system_pre_init                 
20009cf4  _ctypes_                         
2000a0f8  __TI_static_base__               
2000a134  __TI_Handler_Table_Base          
2000a140  __TI_Handler_Table_Limit         
2000a148  __TI_CINIT_Base                  
2000a158  __TI_CINIT_Limit                 
20017000  _sys_memory                      
2001b0c8  xQueueRegistry                   
2001b180  MsgQ                             
2001b18c  g_ucLED1Pin                      
2001b18d  g_ucLED2Pin                      
2001b18e  g_ucLED3Pin                      
2001b190  pxCurrentTCB                     
2001b1d8  __TI_cleanup_ptr                 
2001b1dc  __TI_dtors_ptr                   
2001b1e0  __TI_enable_exit_profile_output  
2001b1f0  xHigherPriorityTaskWoken         
2001b1f4  xSimpleLinkSpawnQueue            
2001b1f8  xSimpleLinkSpawnTaskHndl         
2001b1fc  g_uiLED1Port                     
2001b200  g_uiLED2Port                     
2001b204  g_uiLED3Port                     
2001b208  _lock                            
2001b20c  _unlock                          
2001b214  errno                            
2001b218  main_func_sp                     
2002ff00  __stack                          
20030000  __STACK_END                      
ffffffff  __TI_pprof_out_hndl              
ffffffff  __TI_prof_data_size              
ffffffff  __TI_prof_data_start             
ffffffff  __binit__                        
ffffffff  __c_args__                       
ffffffff  binit                            
UNDEFED   SHT$$INIT_ARRAY$$Base            
UNDEFED   SHT$$INIT_ARRAY$$Limit           

[271 symbols]
